Component: ARM Compiler 5.06 update 7 (build 960) Tool: armlink [4d3601]

==============================================================================

Section Cross References

    startup_stm32f103xb.o(STACK) refers (Special) to heapauxi.o(.text) for __use_two_region_memory
    startup_stm32f103xb.o(HEAP) refers (Special) to heapauxi.o(.text) for __use_two_region_memory
    startup_stm32f103xb.o(RESET) refers (Special) to heapauxi.o(.text) for __use_two_region_memory
    startup_stm32f103xb.o(RESET) refers to startup_stm32f103xb.o(STACK) for __initial_sp
    startup_stm32f103xb.o(RESET) refers to startup_stm32f103xb.o(.text) for Reset_Handler
    startup_stm32f103xb.o(RESET) refers to stm32f1xx_it.o(i.NMI_Handler) for NMI_Handler
    startup_stm32f103xb.o(RESET) refers to stm32f1xx_it.o(i.HardFault_Handler) for HardFault_Handler
    startup_stm32f103xb.o(RESET) refers to stm32f1xx_it.o(i.MemManage_Handler) for MemManage_Handler
    startup_stm32f103xb.o(RESET) refers to stm32f1xx_it.o(i.BusFault_Handler) for BusFault_Handler
    startup_stm32f103xb.o(RESET) refers to stm32f1xx_it.o(i.UsageFault_Handler) for UsageFault_Handler
    startup_stm32f103xb.o(RESET) refers to stm32f1xx_it.o(i.SVC_Handler) for SVC_Handler
    startup_stm32f103xb.o(RESET) refers to stm32f1xx_it.o(i.DebugMon_Handler) for DebugMon_Handler
    startup_stm32f103xb.o(RESET) refers to stm32f1xx_it.o(i.PendSV_Handler) for PendSV_Handler
    startup_stm32f103xb.o(RESET) refers to stm32f1xx_it.o(i.SysTick_Handler) for SysTick_Handler
    startup_stm32f103xb.o(RESET) refers to stm32f1xx_it.o(i.EXTI1_IRQHandler) for EXTI1_IRQHandler
    startup_stm32f103xb.o(RESET) refers to stm32f1xx_it.o(i.USART1_IRQHandler) for USART1_IRQHandler
    startup_stm32f103xb.o(.text) refers (Special) to heapauxi.o(.text) for __use_two_region_memory
    startup_stm32f103xb.o(.text) refers to system_stm32f1xx.o(i.SystemInit) for SystemInit
    startup_stm32f103xb.o(.text) refers to __main.o(!!!main) for __main
    startup_stm32f103xb.o(.text) refers to startup_stm32f103xb.o(HEAP) for Heap_Mem
    startup_stm32f103xb.o(.text) refers to startup_stm32f103xb.o(STACK) for Stack_Mem
    ad5940.o(i.AD5940_ADCBaseCfgS) refers to ad5940.o(i.AD5940_WriteReg) for AD5940_WriteReg
    ad5940.o(i.AD5940_ADCCode2Volt) refers to fflt_clz.o(x$fpl$fflt) for __aeabi_i2f
    ad5940.o(i.AD5940_ADCCode2Volt) refers to scalbnf.o(x$fpl$scalbnf) for __ARM_scalbnf
    ad5940.o(i.AD5940_ADCCode2Volt) refers to fdiv.o(x$fpl$fdiv) for __aeabi_fdiv
    ad5940.o(i.AD5940_ADCCode2Volt) refers to fmul.o(x$fpl$fmul) for __aeabi_fmul
    ad5940.o(i.AD5940_ADCConvtCtrlS) refers to ad5940.o(i.AD5940_ReadReg) for AD5940_ReadReg
    ad5940.o(i.AD5940_ADCConvtCtrlS) refers to ad5940.o(i.AD5940_WriteReg) for AD5940_WriteReg
    ad5940.o(i.AD5940_ADCDigCompCfgS) refers to ad5940.o(i.AD5940_WriteReg) for AD5940_WriteReg
    ad5940.o(i.AD5940_ADCFilterCfgS) refers to ad5940.o(i.AD5940_ReadReg) for AD5940_ReadReg
    ad5940.o(i.AD5940_ADCFilterCfgS) refers to ad5940.o(i.AD5940_WriteReg) for AD5940_WriteReg
    ad5940.o(i.AD5940_ADCFilterCfgS) refers to ad5940.o(i.AD5940_AFECtrlS) for AD5940_AFECtrlS
    ad5940.o(i.AD5940_ADCMuxCfgS) refers to ad5940.o(i.AD5940_ReadReg) for AD5940_ReadReg
    ad5940.o(i.AD5940_ADCMuxCfgS) refers to ad5940.o(i.AD5940_WriteReg) for AD5940_WriteReg
    ad5940.o(i.AD5940_ADCPGACal) refers to ad5940.o(i.__AD5940_ReferenceON) for __AD5940_ReferenceON
    ad5940.o(i.AD5940_ADCPGACal) refers to ad5940.o(i.AD5940_ADCFilterCfgS) for AD5940_ADCFilterCfgS
    ad5940.o(i.AD5940_ADCPGACal) refers to ad5940.o(i.AD5940_AFECtrlS) for AD5940_AFECtrlS
    ad5940.o(i.AD5940_ADCPGACal) refers to portf103cn0510.o(i.AD5940_Delay10us) for AD5940_Delay10us
    ad5940.o(i.AD5940_ADCPGACal) refers to ad5940.o(i.AD5940_INTCGetCfg) for AD5940_INTCGetCfg
    ad5940.o(i.AD5940_ADCPGACal) refers to ad5940.o(i.AD5940_INTCCfg) for AD5940_INTCCfg
    ad5940.o(i.AD5940_ADCPGACal) refers to ad5940.o(i.AD5940_WriteReg) for AD5940_WriteReg
    ad5940.o(i.AD5940_ADCPGACal) refers to ad5940.o(i.AD5940_ADCBaseCfgS) for AD5940_ADCBaseCfgS
    ad5940.o(i.AD5940_ADCPGACal) refers to ad5940.o(i.__AD5940_TakeMeasurement) for __AD5940_TakeMeasurement
    ad5940.o(i.AD5940_ADCPGACal) refers to ad5940.o(i.AD5940_ReadReg) for AD5940_ReadReg
    ad5940.o(i.AD5940_ADCPGACal) refers to faddsub_clz.o(x$fpl$fsub) for __aeabi_fsub
    ad5940.o(i.AD5940_ADCPGACal) refers to fmul.o(x$fpl$fmul) for __aeabi_fmul
    ad5940.o(i.AD5940_ADCPGACal) refers to fdiv.o(x$fpl$fdiv) for __aeabi_fdiv
    ad5940.o(i.AD5940_ADCPGACal) refers to scalbnf.o(x$fpl$scalbnf) for __ARM_scalbnf
    ad5940.o(i.AD5940_ADCPGACal) refers to ffix.o(x$fpl$ffix) for __aeabi_f2iz
    ad5940.o(i.AD5940_ADCPGACal) refers to ad5940.o(i.AD5940_HSLoopCfgS) for AD5940_HSLoopCfgS
    ad5940.o(i.AD5940_ADCPGACal) refers to fflt_clz.o(x$fpl$ffltu) for __aeabi_ui2f
    ad5940.o(i.AD5940_ADCPGACal) refers to ad5940.o(i.AD5940_ADCConvtCtrlS) for AD5940_ADCConvtCtrlS
[...]
    __ARM_exceptions_init                     - Undefined Weak Reference
    __alloca_initialize                       - Undefined Weak Reference
    __arm_fini_                               - Undefined Weak Reference
    __arm_preinit_                            - Undefined Weak Reference
    __cpp_initialize__aeabi_                  - Undefined Weak Reference
    __cxa_finalize                            - Undefined Weak Reference
    __sigvec_lookup                           - Undefined Weak Reference
    _atexit_init                              - Undefined Weak Reference
    _call_atexit_fns                          - Undefined Weak Reference
    _clock_init                               - Undefined Weak Reference
    _fp_trap_init                             - Undefined Weak Reference
    _fp_trap_shutdown                         - Undefined Weak Reference
    _get_lc_collate                           - Undefined Weak Reference
    _get_lc_ctype                             - Undefined Weak Reference
    _get_lc_monetary                          - Undefined Weak Reference
    _get_lc_time                              - Undefined Weak Reference
    _getenv_init                              - Undefined Weak Reference
    _handle_redirection                       - Undefined Weak Reference
    _init_alloc                               - Undefined Weak Reference
    _init_user_alloc                          - Undefined Weak Reference
    _initio                                   - Undefined Weak Reference
    _mutex_acquire                            - Undefined Weak Reference
    _mutex_release                            - Undefined Weak Reference
    _printf_mbtowc                            - Undefined Weak Reference
    _printf_truncate_signed                   - Undefined Weak Reference
    _printf_truncate_unsigned                 - Undefined Weak Reference
    _rand_init                                - Undefined Weak Reference
    _signal_finish                            - Undefined Weak Reference
    _signal_init                              - Undefined Weak Reference
    _terminate_alloc                          - Undefined Weak Reference
    _terminate_user_alloc                     - Undefined Weak Reference
    _terminateio                              - Undefined Weak Reference
    __Vectors_Size                           0x000000ec   Number         0  startup_stm32f103xb.o ABSOLUTE
    __Vectors                                0x08000000   Data           4  startup_stm32f103xb.o(RESET)
    __Vectors_End                            0x080000ec   Data           0  startup_stm32f103xb.o(RESET)
    __main                                   0x080000ed   Thumb Code     8  __main.o(!!!main)
    __scatterload                            0x080000f5   Thumb Code     0  __scatter.o(!!!scatter)
    __scatterload_rt2                        0x080000f5   Thumb Code    44  __scatter.o(!!!scatter)
    __scatterload_rt2_thumb_only             0x080000f5   Thumb Code     0  __scatter.o(!!!scatter)
    __scatterload_null                       0x08000103   Thumb Code     0  __scatter.o(!!!scatter)
    __decompress                             0x08000129   Thumb Code    90  __dczerorl2.o(!!dczerorl2)
    __decompress1                            0x08000129   Thumb Code     0  __dczerorl2.o(!!dczerorl2)
    __scatterload_zeroinit                   0x08000185   Thumb Code    28  __scatter_zi.o(!!handler_zi)
    _printf_f                                0x080001a1   Thumb Code     0  _printf_f.o(.ARM.Collect$$_printf_percent$$00000003)
    _printf_percent                          0x080001a1   Thumb Code     0  _printf_percent.o(.ARM.Collect$$_printf_percent$$00000000)
    _printf_d                                0x080001a7   Thumb Code     0  _printf_d.o(.ARM.Collect$$_printf_percent$$00000009)
    _printf_x                                0x080001ad   Thumb Code     0  _printf_x.o(.ARM.Collect$$_printf_percent$$0000000C)
    _printf_s                                0x080001b3   Thumb Code     0  _printf_s.o(.ARM.Collect$$_printf_percent$$00000014)
    _printf_percent_end                      0x080001b9   Thumb Code     0  _printf_percent_end.o(.ARM.Collect$$_printf_percent$$00000017)
    __rt_lib_init                            0x080001bd   Thumb Code     0  libinit.o(.ARM.Collect$$libinit$$00000000)
    __rt_lib_init_fp_1                       0x080001bf   Thumb Code     0  libinit2.o(.ARM.Collect$$libinit$$00000002)
    __rt_lib_init_heap_1                     0x080001bf   Thumb Code     0  libinit2.o(.ARM.Collect$$libinit$$0000000A)
    __rt_lib_init_lc_common                  0x080001bf   Thumb Code     0  libinit2.o(.ARM.Collect$$libinit$$0000000F)
    __rt_lib_init_preinit_1                  0x080001bf   Thumb Code     0  libinit2.o(.ARM.Collect$$libinit$$00000004)
    __rt_lib_init_rand_1                     0x080001bf   Thumb Code     0  libinit2.o(.ARM.Collect$$libinit$$0000000E)
    __rt_lib_init_user_alloc_1               0x080001bf   Thumb Code     0  libinit2.o(.ARM.Collect$$libinit$$0000000C)
    __rt_lib_init_lc_collate_1               0x080001c5   Thumb Code     0  libinit2.o(.ARM.Collect$$libinit$$00000011)
    __rt_lib_init_lc_ctype_1                 0x080001c5   Thumb Code     0  libinit2.o(.ARM.Collect$$libinit$$00000013)
    __rt_lib_init_lc_monetary_1              0x080001c5   Thumb Code     0  libinit2.o(.ARM.Collect$$libinit$$00000015)
    __rt_lib_init_lc_numeric_2               0x080001c5   Thumb Code     0  libinit2.o(.ARM.Collect$$libinit$$00000016)
    __rt_lib_init_alloca_1                   0x080001cf   Thumb Code     0  libinit2.o(.ARM.Collect$$libinit$$0000002E)
    __rt_lib_init_argv_1                     0x080001cf   Thumb Code     0  libinit2.o(.ARM.Collect$$libinit$$0000002C)
    __rt_lib_init_atexit_1                   0x080001cf   Thumb Code     0  libinit2.o(.ARM.Collect$$libinit$$0000001B)
    __rt_lib_init_clock_1                    0x080001cf   Thumb Code     0  libinit2.o(.ARM.Collect$$libinit$$00000021)
    __rt_lib_init_cpp_1                      0x080001cf   Thumb Code     0  libinit2.o(.ARM.Collect$$libinit$$00000032)
    __rt_lib_init_exceptions_1               0x080001cf   Thumb Code     0  libinit2.o(.ARM.Collect$$libinit$$00000030)
    __rt_lib_init_fp_trap_1                  0x080001cf   Thumb Code     0  libinit2.o(.ARM.Collect$$libinit$$0000001F)
    __rt_lib_init_getenv_1                   0x080001cf   Thumb Code     0  libinit2.o(.ARM.Collect$$libinit$$00000023)
    __rt_lib_init_lc_numeric_1               0x080001cf   Thumb Code     0  libinit2.o(.ARM.Collect$$libinit$$00000017)
    __rt_lib_init_lc_time_1                  0x080001cf   Thumb Code     0  libinit2.o(.ARM.Collect$$libinit$$00000019)
    __rt_lib_init_return                     0x080001cf   Thumb Code     0  libinit2.o(.ARM.Collect$$libinit$$00000033)
    __rt_lib_init_signal_1                   0x080001cf   Thumb Code     0  libinit2.o(.ARM.Collect$$libinit$$0000001D)
    __rt_lib_init_stdio_1                    0x080001cf   Thumb Code     0  libinit2.o(.ARM.Collect$$libinit$$00000025)
    __rt_lib_shutdown                        0x080001d1   Thumb Code     0  libshutdown.o(.ARM.Collect$$libshutdown$$00000000)
    __rt_lib_shutdown_cpp_1                  0x080001d3   Thumb Code     0  libshutdown2.o(.ARM.Collect$$libshutdown$$00000004)
    __rt_lib_shutdown_fini_1                 0x080001d3   Thumb Code     0  libshutdown2.o(.ARM.Collect$$libshutdown$$00000002)
    __rt_lib_shutdown_fp_trap_1              0x080001d3   Thumb Code     0  libshutdown2.o(.ARM.Collect$$libshutdown$$00000009)
    __rt_lib_shutdown_heap_1                 0x080001d3   Thumb Code     0  libshutdown2.o(.ARM.Collect$$libshutdown$$00000011)
    __rt_lib_shutdown_return                 0x080001d3   Thumb Code     0  libshutdown2.o(.ARM.Collect$$libshutdown$$00000012)
    __rt_lib_shutdown_signal_1               0x080001d3   Thumb Code     0  libshutdown2.o(.ARM.Collect$$libshutdown$$0000000C)
    __rt_lib_shutdown_stdio_1                0x080001d3   Thumb Code     0  libshutdown2.o(.ARM.Collect$$libshutdown$$00000006)
    __rt_lib_shutdown_user_alloc_1           0x080001d3   Thumb Code     0  libshutdown2.o(.ARM.Collect$$libshutdown$$0000000E)
    __rt_entry                               0x080001d5   Thumb Code     0  __rtentry.o(.ARM.Collect$$rtentry$$00000000)
    __rt_entry_presh_1                       0x080001d5   Thumb Code     0  __rtentry2.o(.ARM.Collect$$rtentry$$00000002)
    __rt_entry_sh                            0x080001d5   Thumb Code     0  __rtentry4.o(.ARM.Collect$$rtentry$$00000004)
    __rt_entry_li                            0x080001db   Thumb Code     0  __rtentry2.o(.ARM.Collect$$rtentry$$0000000A)
    __rt_entry_postsh_1                      0x080001db   Thumb Code     0  __rtentry2.o(.ARM.Collect$$rtentry$$00000009)
    __rt_entry_main                          0x080001df   Thumb Code     0  __rtentry2.o(.ARM.Collect$$rtentry$$0000000D)
    __rt_entry_postli_1                      0x080001df   Thumb Code     0  __rtentry2.o(.ARM.Collect$$rtentry$$0000000C)
    __rt_exit                                0x080001e7   Thumb Code     0  rtexit.o(.ARM.Collect$$rtexit$$00000000)
    __rt_exit_ls                             0x080001e9   Thumb Code     0  rtexit2.o(.ARM.Collect$$rtexit$$00000003)
    __rt_exit_prels_1                        0x080001e9   Thumb Code     0  rtexit2.o(.ARM.Collect$$rtexit$$00000002)
    __rt_exit_exit                           0x080001ed   Thumb Code     0  rtexit2.o(.ARM.Collect$$rtexit$$00000004)
    Reset_Handler                            0x080001f5   Thumb Code     8  startup_stm32f103xb.o(.text)
    ADC1_2_IRQHandler                        0x0800020f   Thumb Code     0  startup_stm32f103xb.o(.text)
    CAN1_RX1_IRQHandler                      0x0800020f   Thumb Code     0  startup_stm32f103xb.o(.text)
    CAN1_SCE_IRQHandler                      0x0800020f   Thumb Code     0  startup_stm32f103xb.o(.text)
    DMA1_Channel1_IRQHandler                 0x0800020f   Thumb Code     0  startup_stm32f103xb.o(.text)
    DMA1_Channel2_IRQHandler                 0x0800020f   Thumb Code     0  startup_stm32f103xb.o(.text)
    DMA1_Channel3_IRQHandler                 0x0800020f   Thumb Code     0  startup_stm32f103xb.o(.text)
    DMA1_Channel4_IRQHandler                 0x0800020f   Thumb Code     0  startup_stm32f103xb.o(.text)
    DMA1_Channel5_IRQHandler                 0x0800020f   Thumb Code     0  startup_stm32f103xb.o(.text)
    DMA1_Channel6_IRQHandler                 0x0800020f   Thumb Code     0  startup_stm32f103xb.o(.text)
    DMA1_Channel7_IRQHandler                 0x0800020f   Thumb Code     0  startup_stm32f103xb.o(.text)
    EXTI0_IRQHandler                         0x0800020f   Thumb Code     0  startup_stm32f103xb.o(.text)
    EXTI15_10_IRQHandler                     0x0800020f   Thumb Code     0  startup_stm32f103xb.o(.text)
    EXTI2_IRQHandler                         0x0800020f   Thumb Code     0  startup_stm32f103xb.o(.text)
    EXTI3_IRQHandler                         0x0800020f   Thumb Code     0  startup_stm32f103xb.o(.text)
    EXTI4_IRQHandler                         0x0800020f   Thumb Code     0  startup_stm32f103xb.o(.text)
    EXTI9_5_IRQHandler                       0x0800020f   Thumb Code     0  startup_stm32f103xb.o(.text)
    FLASH_IRQHandler                         0x0800020f   Thumb Code     0  startup_stm32f103xb.o(.text)
    I2C1_ER_IRQHandler                       0x0800020f   Thumb Code     0  startup_stm32f103xb.o(.text)
    I2C1_EV_IRQHandler                       0x0800020f   Thumb Code     0  startup_stm32f103xb.o(.text)
    I2C2_ER_IRQHandler                       0x0800020f   Thumb Code     0  startup_stm32f103xb.o(.text)
    I2C2_EV_IRQHandler                       0x0800020f   Thumb Code     0  startup_stm32f103xb.o(.text)
    PVD_IRQHandler                           0x0800020f   Thumb Code     0  startup_stm32f103xb.o(.text)
    RCC_IRQHandler                           0x0800020f   Thumb Code     0  startup_stm32f103xb.o(.text)
    RTC_Alarm_IRQHandler                     0x0800020f   Thumb Code     0  startup_stm32f103xb.o(.text)
    RTC_IRQHandler                           0x0800020f   Thumb Code     0  startup_stm32f103xb.o(.text)
    SPI1_IRQHandler                          0x0800020f   Thumb Code     0  startup_stm32f103xb.o(.text)
    SPI2_IRQHandler                          0x0800020f   Thumb Code     0  startup_stm32f103xb.o(.text)
    TAMPER_IRQHandler                        0x0800020f   Thumb Code     0  startup_stm32f103xb.o(.text)
    TIM1_BRK_IRQHandler                      0x0800020f   Thumb Code     0  startup_stm32f103xb.o(.text)
    TIM1_CC_IRQHandler                       0x0800020f   Thumb Code     0  startup_stm32f103xb.o(.text)
    TIM1_TRG_COM_IRQHandler                  0x0800020f   Thumb Code     0  startup_stm32f103xb.o(.text)
    TIM1_UP_IRQHandler                       0x0800020f   Thumb Code     0  startup_stm32f103xb.o(.text)
    TIM2_IRQHandler                          0x0800020f   Thumb Code     0  startup_stm32f103xb.o(.text)
    TIM3_IRQHandler                          0x0800020f   Thumb Code     0  startup_stm32f103xb.o(.text)
    TIM4_IRQHandler                          0x0800020f   Thumb Code     0  startup_stm32f103xb.o(.text)
    USART2_IRQHandler                        0x0800020f   Thumb Code     0  startup_stm32f103xb.o(.text)
    USART3_IRQHandler                        0x0800020f   Thumb Code     0  startup_stm32f103xb.o(.text)
    USBWakeUp_IRQHandler                     0x0800020f   Thumb Code     0  startup_stm32f103xb.o(.text)
    USB_HP_CAN1_TX_IRQHandler                0x0800020f   Thumb Code     0  startup_stm32f103xb.o(.text)
    USB_LP_CAN1_RX0_IRQHandler               0x0800020f   Thumb Code     0  startup_stm32f103xb.o(.text)
    WWDG_IRQHandler                          0x0800020f   Thumb Code     0  startup_stm32f103xb.o(.text)
    __user_initial_stackheap                 0x08000211   Thumb Code     0  startup_stm32f103xb.o(.text)
    __use_no_semihosting                     0x08000235   Thumb Code     2  use_no_semi_2.o(.text)
    __aeabi_llsl                             0x08000237   Thumb Code     0  llshl.o(.text)
    _ll_shift_l                              0x08000237   Thumb Code    38  llshl.o(.text)
    __2printf                                0x0800025d   Thumb Code    20  noretval__2printf.o(.text)
    _printf_pre_padding                      0x08000275   Thumb Code    44  _printf_pad.o(.text)
    _printf_post_padding                     0x080002a1   Thumb Code    34  _printf_pad.o(.text)
    _printf_str                              0x080002c3   Thumb Code    82  _printf_str.o(.text)
    _printf_int_dec                          0x08000315   Thumb Code   104  _printf_dec.o(.text)
    _printf_int_hex                          0x0800038d   Thumb Code    84  _printf_hex_int.o(.text)
    _printf_longlong_hex                     0x0800038d   Thumb Code     0  _printf_hex_int.o(.text)
    __printf                                 0x080003e5   Thumb Code   388  __printf_flags_ss_wp.o(.text)
    __aeabi_memcpy4                          0x0800056d   Thumb Code     0  rt_memcpy_w.o(.text)
    __aeabi_memcpy8                          0x0800056d   Thumb Code     0  rt_memcpy_w.o(.text)
    __rt_memcpy_w                            0x0800056d   Thumb Code   100  rt_memcpy_w.o(.text)
    _memcpy_lastbytes_aligned                0x080005b5   Thumb Code     0  rt_memcpy_w.o(.text)
    __aeabi_memclr4                          0x080005d1   Thumb Code     0  rt_memclr_w.o(.text)
    __aeabi_memclr8                          0x080005d1   Thumb Code     0  rt_memclr_w.o(.text)
    __rt_memclr_w                            0x080005d1   Thumb Code    78  rt_memclr_w.o(.text)
    _memset_w                                0x080005d5   Thumb Code     0  rt_memclr_w.o(.text)
    __use_two_region_memory                  0x0800061f   Thumb Code     2  heapauxi.o(.text)
    __rt_heap_escrow$2region                 0x08000621   Thumb Code     2  heapauxi.o(.text)
    __rt_heap_expand$2region                 0x08000623   Thumb Code     2  heapauxi.o(.text)
    __I$use$semihosting                      0x08000625   Thumb Code     0  use_no_semi.o(.text)
    __use_no_semihosting_swi                 0x08000625   Thumb Code     2  use_no_semi.o(.text)
    __read_errno                             0x08000627   Thumb Code    10  _rserrno.o(.text)
    __set_errno                              0x08000631   Thumb Code    12  _rserrno.o(.text)
    _printf_int_common                       0x0800063d   Thumb Code   178  _printf_intcommon.o(.text)
    __lib_sel_fp_printf                      0x080006ef   Thumb Code     2  _printf_fp_dec.o(.text)
    _printf_fp_dec_real                      0x080008a1   Thumb Code   620  _printf_fp_dec.o(.text)
    _printf_cs_common                        0x08000b0d   Thumb Code    20  _printf_char.o(.text)
    _printf_char                             0x08000b21   Thumb Code    16  _printf_char.o(.text)
    _printf_string                           0x08000b31   Thumb Code     8  _printf_char.o(.text)
    _printf_char_file                        0x08000b39   Thumb Code    32  _printf_char_file.o(.text)
    __rt_locale                              0x08000b5d   Thumb Code     8  rt_locale_intlibspace.o(.text)
    __aeabi_errno_addr                       0x08000b65   Thumb Code     8  rt_errno_addr_intlibspace.o(.text)
    __errno$intlibspace                      0x08000b65   Thumb Code     0  rt_errno_addr_intlibspace.o(.text)
    __rt_errno_addr$intlibspace              0x08000b65   Thumb Code     0  rt_errno_addr_intlibspace.o(.text)
    _ll_udiv10                               0x08000b6d   Thumb Code   138  lludiv10.o(.text)
    _printf_char_common                      0x08000c03   Thumb Code    32  _printf_char_common.o(.text)
    _printf_fp_infnan                        0x08000c29   Thumb Code   112  _printf_fp_infnan.o(.text)
    _btod_etento                             0x08000ca9   Thumb Code   224  bigflt0.o(.text)
    ferror                                   0x08000d8d   Thumb Code     8  ferror.o(.text)
    __user_libspace                          0x08000d95   Thumb Code     8  libspace.o(.text)
    __user_perproc_libspace                  0x08000d95   Thumb Code     0  libspace.o(.text)
    __user_perthread_libspace                0x08000d95   Thumb Code     0  libspace.o(.text)
    __user_setup_stackheap                   0x08000d9d   Thumb Code    74  sys_stackheap_outer.o(.text)
    exit                                     0x08000de7   Thumb Code    18  exit.o(.text)
    strcmp                                   0x08000df9   Thumb Code   128  strcmpv7m.o(.text)
    _btod_d2e                                0x08000e79   Thumb Code    62  btod.o(CL$$btod_d2e)
    _d2e_denorm_low                          0x08000eb7   Thumb Code    70  btod.o(CL$$btod_d2e_denorm_low)
    _d2e_norm_op1                            0x08000efd   Thumb Code    96  btod.o(CL$$btod_d2e_norm_op1)
    __btod_div_common                        0x08000f5d   Thumb Code   696  btod.o(CL$$btod_div_common)
    _e2e                                     0x08001295   Thumb Code   220  btod.o(CL$$btod_e2e)
    _btod_ediv                               0x08001371   Thumb Code    42  btod.o(CL$$btod_ediv)
    _btod_emul                               0x0800139b   Thumb Code    42  btod.o(CL$$btod_emul)
    __btod_mult_common                       0x080013c5   Thumb Code   580  btod.o(CL$$btod_mult_common)
    AD5940BATStructInit_BATZ                 0x08001609   Thumb Code    70  ad5940function.o(i.AD5940BATStructInit_BATZ)
    AD5940_ADCBaseCfgS                       0x080016f5   Thumb Code    22  ad5940.o(i.AD5940_ADCBaseCfgS)
    AD5940_ADCDigCompCfgS                    0x0800170b   Thumb Code    48  ad5940.o(i.AD5940_ADCDigCompCfgS)
    AD5940_ADCFilterCfgS                     0x0800173b   Thumb Code    86  ad5940.o(i.AD5940_ADCFilterCfgS)
    AD5940_AFECtrlS                          0x08001791   Thumb Code    90  ad5940.o(i.AD5940_AFECtrlS)
    AD5940_AFEPwrBW                          0x080017eb   Thumb Code    12  ad5940.o(i.AD5940_AFEPwrBW)
    AD5940_AGPIOCfg                          0x080017f7   Thumb Code    40  ad5940.o(i.AD5940_AGPIOCfg)
    AD5940_AGPIOFuncCfg                      0x0800181f   Thumb Code     8  ad5940.o(i.AD5940_AGPIOFuncCfg)
    AD5940_AGPIOIen                          0x08001827   Thumb Code     8  ad5940.o(i.AD5940_AGPIOIen)
    AD5940_AGPIOOen                          0x0800182f   Thumb Code     8  ad5940.o(i.AD5940_AGPIOOen)
    AD5940_AGPIOPen                          0x08001837   Thumb Code     8  ad5940.o(i.AD5940_AGPIOPen)
    AD5940_CLKCfg                            0x0800183f   Thumb Code   236  ad5940.o(i.AD5940_CLKCfg)
    AD5940_ClksCalculate                     0x0800192d   Thumb Code   352  ad5940.o(i.AD5940_ClksCalculate)
    AD5940_ClrMCUIntFlag                     0x08001a91   Thumb Code    10  portf103cn0510.o(i.AD5940_ClrMCUIntFlag)
    AD5940_ComplexDivFloat                   0x08001aa1   Thumb Code   116  ad5940.o(i.AD5940_ComplexDivFloat)
    AD5940_CsClr                             0x08001b15   Thumb Code    10  portf103cn0510.o(i.AD5940_CsClr)
    AD5940_CsSet                             0x08001b25   Thumb Code    10  portf103cn0510.o(i.AD5940_CsSet)
    AD5940_DFTCfgS                           0x08001b35   Thumb Code    80  ad5940.o(i.AD5940_DFTCfgS)
    AD5940_DSPCfgS                           0x08001b85   Thumb Code    44  ad5940.o(i.AD5940_DSPCfgS)
    AD5940_Delay10us                         0x08001bb1   Thumb Code     6  portf103cn0510.o(i.AD5940_Delay10us)
    AD5940_EnterSleepS                       0x08001bb7   Thumb Code    26  ad5940.o(i.AD5940_EnterSleepS)
    AD5940_FIFOCfg                           0x08001bd1   Thumb Code    86  ad5940.o(i.AD5940_FIFOCfg)
    AD5940_FIFOCtrlS                         0x08001c27   Thumb Code    20  ad5940.o(i.AD5940_FIFOCtrlS)
    AD5940_FIFOGetCnt                        0x08001c3b   Thumb Code    14  ad5940.o(i.AD5940_FIFOGetCnt)
    AD5940_FIFORd                            0x08001c49   Thumb Code   154  ad5940.o(i.AD5940_FIFORd)
    AD5940_FIFOThrshSet                      0x08001ce3   Thumb Code    10  ad5940.o(i.AD5940_FIFOThrshSet)
    AD5940_GetMCUIntFlag                     0x08001ced   Thumb Code     6  portf103cn0510.o(i.AD5940_GetMCUIntFlag)
    AD5940_HFOSC32MHzCtrl                    0x08001cf9   Thumb Code   120  ad5940.o(i.AD5940_HFOSC32MHzCtrl)
    AD5940_HSDacCfgS                         0x08001d71   Thumb Code    34  ad5940.o(i.AD5940_HSDacCfgS)
    AD5940_HSLoopCfgS                        0x08001d93   Thumb Code    36  ad5940.o(i.AD5940_HSLoopCfgS)
    AD5940_HSTIACfgS                         0x08001db7   Thumb Code    86  ad5940.o(i.AD5940_HSTIACfgS)
    AD5940_HWReset                           0x08001e0d   Thumb Code    28  ad5940.o(i.AD5940_HWReset)
    AD5940_INTCCfg                           0x08001e29   Thumb Code    44  ad5940.o(i.AD5940_INTCCfg)
    AD5940_INTCClrFlag                       0x08001e55   Thumb Code    10  ad5940.o(i.AD5940_INTCClrFlag)
    AD5940_INTCTestFlag                      0x08001e61   Thumb Code    30  ad5940.o(i.AD5940_INTCTestFlag)
    AD5940_Initialize                        0x08001e81   Thumb Code   144  ad5940.o(i.AD5940_Initialize)
    AD5940_LPAMPCfgS                         0x08001fa9   Thumb Code    96  ad5940.o(i.AD5940_LPAMPCfgS)
    AD5940_LPDAC0WriteS                      0x08002009   Thumb Code    20  ad5940.o(i.AD5940_LPDAC0WriteS)
    AD5940_LPDAC1WriteS                      0x0800201d   Thumb Code    20  ad5940.o(i.AD5940_LPDAC1WriteS)
    AD5940_LPDACCfgS                         0x08002031   Thumb Code   108  ad5940.o(i.AD5940_LPDACCfgS)
    AD5940_LPLoopCfgS                        0x0800209d   Thumb Code    20  ad5940.o(i.AD5940_LPLoopCfgS)
    AD5940_Notch50HzAvailable                0x080020b1   Thumb Code   158  ad5940.o(i.AD5940_Notch50HzAvailable)
    AD5940_Notch60HzAvailable                0x08002179   Thumb Code   142  ad5940.o(i.AD5940_Notch60HzAvailable)
    AD5940_REFCfgS                           0x08002229   Thumb Code   168  ad5940.o(i.AD5940_REFCfgS)
    AD5940_RUN_BATZ                          0x080022d1   Thumb Code    68  ad5940function.o(i.AD5940_RUN_BATZ)
    AD5940_ReadReg                           0x08002331   Thumb Code    60  ad5940.o(i.AD5940_ReadReg)
    AD5940_ReadWriteNBytes                   0x080023e1   Thumb Code    30  portf103cn0510.o(i.AD5940_ReadWriteNBytes)
    AD5940_RstClr                            0x08002405   Thumb Code    10  portf103cn0510.o(i.AD5940_RstClr)
    AD5940_RstSet                            0x08002415   Thumb Code    10  portf103cn0510.o(i.AD5940_RstSet)
    AD5940_SEQCfg                            0x08002425   Thumb Code   112  ad5940.o(i.AD5940_SEQCfg)
    AD5940_SEQCmdWrite                       0x08002495   Thumb Code    46  ad5940.o(i.AD5940_SEQCmdWrite)
    AD5940_SEQCycleTime                      0x080024c5   Thumb Code    48  ad5940.o(i.AD5940_SEQCycleTime)
    AD5940_SEQGenCtrl                        0x080024f9   Thumb Code    20  ad5940.o(i.AD5940_SEQGenCtrl)
    AD5940_SEQGenFetchSeq                    0x08002511   Thumb Code    18  ad5940.o(i.AD5940_SEQGenFetchSeq)
    AD5940_SEQGenInit                        0x08002529   Thumb Code    30  ad5940.o(i.AD5940_SEQGenInit)
    AD5940_SEQGenInsert                      0x0800254d   Thumb Code    38  ad5940.o(i.AD5940_SEQGenInsert)
    AD5940_SEQInfoCfg                        0x080025a9   Thumb Code   102  ad5940.o(i.AD5940_SEQInfoCfg)
    AD5940_SEQMmrTrig                        0x0800260f   Thumb Code    18  ad5940.o(i.AD5940_SEQMmrTrig)
    AD5940_SWMatrixCfgS                      0x080026f5   Thumb Code    60  ad5940.o(i.AD5940_SWMatrixCfgS)
    AD5940_SleepKeyCtrlS                     0x08002731   Thumb Code    10  ad5940.o(i.AD5940_SleepKeyCtrlS)
    AD5940_StatisticCfgS                     0x0800273b   Thumb Code    30  ad5940.o(i.AD5940_StatisticCfgS)
    AD5940_SweepNext                         0x08002759   Thumb Code   394  ad5940.o(i.AD5940_SweepNext)
    AD5940_WGCfgS                            0x080028e9   Thumb Code   160  ad5940.o(i.AD5940_WGCfgS)
    AD5940_WGFreqCtrlS                       0x08002989   Thumb Code    20  ad5940.o(i.AD5940_WGFreqCtrlS)
    AD5940_WGFreqWordCal                     0x0800299d   Thumb Code    94  ad5940.o(i.AD5940_WGFreqWordCal)
    AD5940_WUPTCtrl                          0x08002a05   Thumb Code    38  ad5940.o(i.AD5940_WUPTCtrl)
    AD5940_WakeUp                            0x08002a2b   Thumb Code    42  ad5940.o(i.AD5940_WakeUp)
    AD5940_WriteReg                          0x08002a55   Thumb Code    86  ad5940.o(i.AD5940_WriteReg)
    AD5940_init_BATZ                         0x08002ab1   Thumb Code    58  ad5940function.o(i.AD5940_init_BATZ)
    AD5940_messege                           0x08002b4d   Thumb Code    58  ad5940function.o(i.AD5940_messege)
    AppBATCheckFreq                          0x08002be5   Thumb Code   214  batimpedance.o(i.AppBATCheckFreq)
    AppBATCtrl                               0x08002cd1   Thumb Code   316  batimpedance.o(i.AppBATCtrl)
    AppBATGetCfg                             0x08002f61   Thumb Code    16  batimpedance.o(i.AppBATGetCfg)
    AppBATISR                                0x08002f75   Thumb Code   114  batimpedance.o(i.AppBATISR)
    AppBATInit                               0x08002ff1   Thumb Code   264  batimpedance.o(i.AppBATInit)
    AppBATMeasureRCAL                        0x080030fd   Thumb Code   210  batimpedance.o(i.AppBATMeasureRCAL)
    Arduino_WriteDn                          0x08003529   Thumb Code    56  portf103cn0510.o(i.Arduino_WriteDn)
    BATShowResult                            0x08003565   Thumb Code    84  ad5940function.o(i.BATShowResult)
    BusFault_Handler                         0x080035e5   Thumb Code     2  stm32f1xx_it.o(i.BusFault_Handler)
    DebugMon_Handler                         0x080035e7   Thumb Code     2  stm32f1xx_it.o(i.DebugMon_Handler)
    EXTI1_IRQHandler                         0x080035e9   Thumb Code    12  stm32f1xx_it.o(i.EXTI1_IRQHandler)
    Error_Handler                            0x080035f9   Thumb Code    10  main.o(i.Error_Handler)
    HAL_DMA_Abort                            0x08003611   Thumb Code    70  stm32f1xx_hal_dma.o(i.HAL_DMA_Abort)
    HAL_DMA_Abort_IT                         0x08003659   Thumb Code   148  stm32f1xx_hal_dma.o(i.HAL_DMA_Abort_IT)
    HAL_Delay                                0x080036f1   Thumb Code    32  stm32f1xx_hal.o(i.HAL_Delay)
    HAL_GPIO_EXTI_Callback                   0x08003715   Thumb Code     2  stm32f1xx_it.o(i.HAL_GPIO_EXTI_Callback)
    HAL_GPIO_EXTI_IRQHandler                 0x08003719   Thumb Code    18  stm32f1xx_hal_gpio.o(i.HAL_GPIO_EXTI_IRQHandler)
    HAL_GPIO_Init                            0x08003731   Thumb Code   446  stm32f1xx_hal_gpio.o(i.HAL_GPIO_Init)
    HAL_GPIO_WritePin                        0x08003911   Thumb Code    10  stm32f1xx_hal_gpio.o(i.HAL_GPIO_WritePin)
    HAL_GetTick                              0x0800391d   Thumb Code     6  stm32f1xx_hal.o(i.HAL_GetTick)
    HAL_IncTick                              0x08003929   Thumb Code    12  stm32f1xx_hal.o(i.HAL_IncTick)
    HAL_Init                                 0x08003939   Thumb Code    32  stm32f1xx_hal.o(i.HAL_Init)
    HAL_InitTick                             0x0800395d   Thumb Code    54  stm32f1xx_hal.o(i.HAL_InitTick)
    HAL_MspInit                              0x0800399d   Thumb Code    52  stm32f1xx_hal_msp.o(i.HAL_MspInit)
    HAL_NVIC_EnableIRQ                       0x080039d9   Thumb Code    26  stm32f1xx_hal_cortex.o(i.HAL_NVIC_EnableIRQ)
    HAL_NVIC_SetPriority                     0x080039f5   Thumb Code    60  stm32f1xx_hal_cortex.o(i.HAL_NVIC_SetPriority)
    HAL_NVIC_SetPriorityGrouping             0x08003a35   Thumb Code    26  stm32f1xx_hal_cortex.o(i.HAL_NVIC_SetPriorityGrouping)
    HAL_RCC_ClockConfig                      0x08003a59   Thumb Code   280  stm32f1xx_hal_rcc.o(i.HAL_RCC_ClockConfig)
    HAL_RCC_GetPCLK1Freq                     0x08003b85   Thumb Code    20  stm32f1xx_hal_rcc.o(i.HAL_RCC_GetPCLK1Freq)
    HAL_RCC_GetPCLK2Freq                     0x08003ba5   Thumb Code    20  stm32f1xx_hal_rcc.o(i.HAL_RCC_GetPCLK2Freq)
    HAL_RCC_GetSysClockFreq                  0x08003bc5   Thumb Code    58  stm32f1xx_hal_rcc.o(i.HAL_RCC_GetSysClockFreq)
    HAL_RCC_OscConfig                        0x08003c11   Thumb Code   778  stm32f1xx_hal_rcc.o(i.HAL_RCC_OscConfig)
    HAL_SPI_Init                             0x08003f31   Thumb Code   178  stm32f1xx_hal_spi.o(i.HAL_SPI_Init)
    HAL_SPI_MspInit                          0x08003fe5   Thumb Code   104  spi.o(i.HAL_SPI_MspInit)
    HAL_SPI_TransmitReceive                  0x0800406d   Thumb Code   494  stm32f1xx_hal_spi.o(i.HAL_SPI_TransmitReceive)
    HAL_SYSTICK_Config                       0x0800425b   Thumb Code    40  stm32f1xx_hal_cortex.o(i.HAL_SYSTICK_Config)
    HAL_TIMEx_MasterConfigSynchronization    0x08004285   Thumb Code    92  stm32f1xx_hal_tim_ex.o(i.HAL_TIMEx_MasterConfigSynchronization)
    HAL_TIM_Base_Init                        0x080042ed   Thumb Code    90  stm32f1xx_hal_tim.o(i.HAL_TIM_Base_Init)
    HAL_TIM_Base_MspInit                     0x08004349   Thumb Code    30  tim.o(i.HAL_TIM_Base_MspInit)
    HAL_TIM_ConfigClockSource                0x08004371   Thumb Code   220  stm32f1xx_hal_tim.o(i.HAL_TIM_ConfigClockSource)
    HAL_UARTEx_RxEventCallback               0x0800444d   Thumb Code     2  stm32f1xx_hal_uart.o(i.HAL_UARTEx_RxEventCallback)
    HAL_UART_ErrorCallback                   0x0800444f   Thumb Code     2  stm32f1xx_hal_uart.o(i.HAL_UART_ErrorCallback)
    HAL_UART_GetState                        0x08004451   Thumb Code    10  stm32f1xx_hal_uart.o(i.HAL_UART_GetState)
    HAL_UART_IRQHandler                      0x0800445d   Thumb Code   616  stm32f1xx_hal_uart.o(i.HAL_UART_IRQHandler)
    HAL_UART_Init                            0x080046c9   Thumb Code   100  stm32f1xx_hal_uart.o(i.HAL_UART_Init)
    HAL_UART_MspInit                         0x0800472d   Thumb Code   116  usart.o(i.HAL_UART_MspInit)
    HAL_UART_Receive_IT                      0x080047ad   Thumb Code    28  stm32f1xx_hal_uart.o(i.HAL_UART_Receive_IT)
    HAL_UART_RxCpltCallback                  0x080047c9   Thumb Code   126  usart.o(i.HAL_UART_RxCpltCallback)
    HAL_UART_Transmit                        0x08004871   Thumb Code   154  stm32f1xx_hal_uart.o(i.HAL_UART_Transmit)
    HAL_UART_TxCpltCallback                  0x0800490b   Thumb Code     2  stm32f1xx_hal_uart.o(i.HAL_UART_TxCpltCallback)
    HardFault_Handler                        0x0800490d   Thumb Code     2  stm32f1xx_it.o(i.HardFault_Handler)
    MX_GPIO_Init                             0x08004911   Thumb Code   172  gpio.o(i.MX_GPIO_Init)
    MX_SPI1_Init                             0x080049cd   Thumb Code    62  spi.o(i.MX_SPI1_Init)
    MX_TIM4_Init                             0x08004a15   Thumb Code    94  tim.o(i.MX_TIM4_Init)
    MX_USART1_UART_Init                      0x08004a7d   Thumb Code    56  usart.o(i.MX_USART1_UART_Init)
    MemManage_Handler                        0x08004ac1   Thumb Code     2  stm32f1xx_it.o(i.MemManage_Handler)
    NMI_Handler                              0x08004ac3   Thumb Code     2  stm32f1xx_it.o(i.NMI_Handler)
    PendSV_Handler                           0x08004ac5   Thumb Code     2  stm32f1xx_it.o(i.PendSV_Handler)
    SVC_Handler                              0x08004bf1   Thumb Code     2  stm32f1xx_it.o(i.SVC_Handler)
    SysTick_Handler                          0x08004bf3   Thumb Code     4  stm32f1xx_it.o(i.SysTick_Handler)
    SystemClock_Config                       0x08004bf7   Thumb Code    86  main.o(i.SystemClock_Config)
    SystemInit                               0x08004c4d   Thumb Code     2  system_stm32f1xx.o(i.SystemInit)
    TIM_Base_SetConfig                       0x08004c51   Thumb Code    94  stm32f1xx_hal_tim.o(i.TIM_Base_SetConfig)
    TIM_ETR_SetConfig                        0x08004cbd   Thumb Code    20  stm32f1xx_hal_tim.o(i.TIM_ETR_SetConfig)
    UART_Start_Receive_IT                    0x08004f01   Thumb Code    54  stm32f1xx_hal_uart.o(i.UART_Start_Receive_IT)
    USART1_IRQHandler                        0x08004fb1   Thumb Code    40  stm32f1xx_it.o(i.USART1_IRQHandler)
    UsageFault_Handler                       0x08004fe1   Thumb Code     2  stm32f1xx_it.o(i.UsageFault_Handler)
    __AD5940_SetDExRTIA                      0x08004fe5   Thumb Code    66  ad5940.o(i.__AD5940_SetDExRTIA)
    __ARM_fpclassify                         0x0800502d   Thumb Code    40  fpclassify.o(i.__ARM_fpclassify)
    __kernel_poly                            0x08005075   Thumb Code   170  poly.o(i.__kernel_poly)
    __mathlib_dbl_divzero                    0x08005121   Thumb Code    12  dunder.o(i.__mathlib_dbl_divzero)
    __mathlib_dbl_infnan                     0x08005131   Thumb Code     6  dunder.o(i.__mathlib_dbl_infnan)
    __mathlib_dbl_infnan2                    0x08005137   Thumb Code     4  dunder.o(i.__mathlib_dbl_infnan2)
    __mathlib_dbl_invalid                    0x0800513b   Thumb Code    12  dunder.o(i.__mathlib_dbl_invalid)
    __mathlib_dbl_overflow                   0x08005147   Thumb Code    14  dunder.o(i.__mathlib_dbl_overflow)
    __mathlib_dbl_underflow                  0x08005155   Thumb Code    10  dunder.o(i.__mathlib_dbl_underflow)
    _is_digit                                0x08005165   Thumb Code    14  __printf_wp.o(i._is_digit)
    _sys_exit                                0x0800518f   Thumb Code     2  usart.o(i._sys_exit)
    delay_us                                 0x08005191   Thumb Code    54  tim.o(i.delay_us)
    fputc                                    0x080051cd   Thumb Code    20  usart.o(i.fputc)
    log                                      0x080051e5   Thumb Code   808  log.o(i.log)
    log10                                    0x08005541   Thumb Code   198  log10.o(i.log10)
    main                                     0x08005625   Thumb Code    68  main.o(i.main)
    pow                                      0x08005669   Thumb Code  2512  pow.o(i.pow)
    sqrt                                     0x08006041   Thumb Code    76  sqrt.o(i.sqrt)
    _get_lc_numeric                          0x0800608d   Thumb Code    44  lc_numeric_c.o(locale$$code)
    __aeabi_d2f                              0x080060b9   Thumb Code     0  d2f.o(x$fpl$d2f)
    _d2f                                     0x080060b9   Thumb Code    98  d2f.o(x$fpl$d2f)
    __aeabi_dadd                             0x0800611d   Thumb Code     0  daddsub_clz.o(x$fpl$dadd)
    _dadd                                    0x0800611d   Thumb Code   332  daddsub_clz.o(x$fpl$dadd)
    __fpl_dcheck_NaN1                        0x0800626d   Thumb Code    10  dcheck1.o(x$fpl$dcheck1)
    __fpl_dcmp_Inf                           0x0800627d   Thumb Code    24  dcmpi.o(x$fpl$dcmpinf)
    __aeabi_ddiv                             0x08006295   Thumb Code     0  ddiv.o(x$fpl$ddiv)
    _ddiv                                    0x08006295   Thumb Code   552  ddiv.o(x$fpl$ddiv)
    __aeabi_cdcmpeq                          0x08006545   Thumb Code     0  deqf.o(x$fpl$deqf)
    _dcmpeq                                  0x08006545   Thumb Code   120  deqf.o(x$fpl$deqf)
    __aeabi_i2d                              0x080065bd   Thumb Code     0  dflt_clz.o(x$fpl$dflt)
    _dflt                                    0x080065bd   Thumb Code    46  dflt_clz.o(x$fpl$dflt)
    __aeabi_ui2d                             0x080065eb   Thumb Code     0  dflt_clz.o(x$fpl$dfltu)
    _dfltu                                   0x080065eb   Thumb Code    38  dflt_clz.o(x$fpl$dfltu)
    __aeabi_cdcmple                          0x08006611   Thumb Code     0  dleqf.o(x$fpl$dleqf)
    _dcmple                                  0x08006611   Thumb Code   120  dleqf.o(x$fpl$dleqf)
    __fpl_dcmple_InfNaN                      0x08006673   Thumb Code     0  dleqf.o(x$fpl$dleqf)
    __aeabi_dmul                             0x08006689   Thumb Code     0  dmul.o(x$fpl$dmul)
    _dmul                                    0x08006689   Thumb Code   332  dmul.o(x$fpl$dmul)
    __fpl_dnaninf                            0x080067dd   Thumb Code   156  dnaninf.o(x$fpl$dnaninf)
    __fpl_dretinf                            0x08006879   Thumb Code    12  dretinf.o(x$fpl$dretinf)
    __aeabi_cdrcmple                         0x08006885   Thumb Code     0  drleqf.o(x$fpl$drleqf)
    _drcmple                                 0x08006885   Thumb Code   108  drleqf.o(x$fpl$drleqf)
    __aeabi_drsub                            0x080068f1   Thumb Code     0  daddsub_clz.o(x$fpl$drsb)
    _drsb                                    0x080068f1   Thumb Code    22  daddsub_clz.o(x$fpl$drsb)
    _dsqrt                                   0x08006909   Thumb Code   456  dsqrt_noumaal.o(x$fpl$dsqrt)
    __aeabi_dsub                             0x08006ad5   Thumb Code     0  daddsub_clz.o(x$fpl$dsub)
    _dsub                                    0x08006ad5   Thumb Code   464  daddsub_clz.o(x$fpl$dsub)
    __aeabi_f2d                              0x08006ca9   Thumb Code     0  f2d.o(x$fpl$f2d)
    _f2d                                     0x08006ca9   Thumb Code    86  f2d.o(x$fpl$f2d)
    __aeabi_fadd                             0x08006d01   Thumb Code     0  faddsub_clz.o(x$fpl$fadd)
    _fadd                                    0x08006d01   Thumb Code   196  faddsub_clz.o(x$fpl$fadd)
    __fpl_fcmp_Inf                           0x08006dc5   Thumb Code    24  fcmpi.o(x$fpl$fcmpinf)
    __aeabi_fdiv                             0x08006ddd   Thumb Code     0  fdiv.o(x$fpl$fdiv)
    _fdiv                                    0x08006ddd   Thumb Code   384  fdiv.o(x$fpl$fdiv)
    __aeabi_f2uiz                            0x08006f61   Thumb Code     0  ffixu.o(x$fpl$ffixu)
    _ffixu                                   0x08006f61   Thumb Code    62  ffixu.o(x$fpl$ffixu)
    __aeabi_i2f                              0x08006fa1   Thumb Code     0  fflt_clz.o(x$fpl$fflt)
    _fflt                                    0x08006fa1   Thumb Code    48  fflt_clz.o(x$fpl$fflt)
    __aeabi_ul2f                             0x08006fd1   Thumb Code     0  ffltll_clz.o(x$fpl$ffltll)
    _ll_uto_f                                0x08006fd1   Thumb Code     6  ffltll_clz.o(x$fpl$ffltll)
    __aeabi_l2f                              0x08006fd7   Thumb Code     0  ffltll_clz.o(x$fpl$ffltll)
    _ll_sto_f                                0x08006fd7   Thumb Code    90  ffltll_clz.o(x$fpl$ffltll)
    __aeabi_ui2f                             0x08007031   Thumb Code     0  fflt_clz.o(x$fpl$ffltu)
    _ffltu                                   0x08007031   Thumb Code    38  fflt_clz.o(x$fpl$ffltu)
    __aeabi_cfcmple                          0x08007059   Thumb Code     0  fleqf.o(x$fpl$fleqf)
    _fcmple                                  0x08007059   Thumb Code   104  fleqf.o(x$fpl$fleqf)
    __fpl_fcmple_InfNaN                      0x080070ab   Thumb Code     0  fleqf.o(x$fpl$fleqf)
    __aeabi_fmul                             0x080070c1   Thumb Code     0  fmul.o(x$fpl$fmul)
    _fmul                                    0x080070c1   Thumb Code   258  fmul.o(x$fpl$fmul)
    __fpl_fnaninf                            0x080071c3   Thumb Code   140  fnaninf.o(x$fpl$fnaninf)
    __fpl_fretinf                            0x0800724f   Thumb Code    10  fretinf.o(x$fpl$fretinf)
    __aeabi_cfrcmple                         0x08007259   Thumb Code     0  frleqf.o(x$fpl$frleqf)
    _frcmple                                 0x08007259   Thumb Code    98  frleqf.o(x$fpl$frleqf)
    __aeabi_fsub                             0x080072bd   Thumb Code     0  faddsub_clz.o(x$fpl$fsub)
    _fsub                                    0x080072bd   Thumb Code   234  faddsub_clz.o(x$fpl$fsub)
    _printf_fp_dec                           0x080073a7   Thumb Code     4  printf1.o(x$fpl$printf1)
    __fpl_return_NaN                         0x080073ab   Thumb Code   100  retnan.o(x$fpl$retnan)
    __ARM_scalbn                             0x0800740f   Thumb Code    92  scalbn.o(x$fpl$scalbn)
    __fpl_cmpreturn                          0x0800746b   Thumb Code    48  trapv.o(x$fpl$trapveneer)
    __I$use$fp                               0x0800749a   Number         0  usenofp.o(x$fpl$usenofp)
    AHBPrescTable                            0x0800770a   Data          16  system_stm32f1xx.o(.constdata)
    APBPrescTable                            0x0800771a   Data           8  system_stm32f1xx.o(.constdata)
    __mathlib_zero                           0x08007820   Data           8  qnan.o(.constdata)
    Region$$Table$$Base                      0x080078bc   Number         0  anon$$obj.o(Region$$Table)
    Region$$Table$$Limit                     0x080078dc   Number         0  anon$$obj.o(Region$$Table)
    ucInterrupted                            0x20000001   Data           1  portf103cn0510.o(.data)
    AppBATCfg                                0x20000004   Data         988  batimpedance.o(.data)
    aRxBuffer                                0x200003e0   Data           1  main.o(.data)
    USART_RX_STA                             0x200003e2   Data           2  usart.o(.data)
    __stdout                                 0x200003e4   Data           4  usart.o(.data)
    uwTickFreq                               0x200003e8   Data           1  stm32f1xx_hal.o(.data)
    uwTickPrio                               0x200003ec   Data           4  stm32f1xx_hal.o(.data)
    uwTick                                   0x200003f0   Data           4  stm32f1xx_hal.o(.data)
    SystemCoreClock                          0x200003f4   Data           4  system_stm32f1xx.o(.data)
    SeqGenDB                                 0x200003f8   Data          28  ad5940.o(.bss)
    AppBuff                                  0x20000414   Data        2048  ad5940function.o(.bss)
    buff                                     0x20000c14   Data          16  ad5940function.o(.bss)
    hspi1                                    0x20000c24   Data          88  spi.o(.bss)
    htim4                                    0x20000c7c   Data          72  tim.o(.bss)
    USART_RX_BUF                             0x20000cc4   Data         200  usart.o(.bss)
    huart1                                   0x20000d8c   Data          72  usart.o(.bss)
    __libspace_start                         0x20000dd4   Data          96  libspace.o(.bss)
    __temporary_stack_top$libspace           0x20000e34   Data           0  libspace.o(.bss)



==============================================================================

Memory Map of the image

  Image Entry point : 0x080000ed

  Load Region LR_IROM1 (Base: 0x08000000, Size: 0x00007cf0, Max: 0x00010000, ABSOLUTE, COMPRESSED[0x00007938])

    Execution Region ER_IROM1 (Exec base: 0x08000000, Load base: 0x08000000, Size: 0x000078f8, Max: 0x00010000, ABSOLUTE)

    Exec Addr    Load Addr    Size         Type   Attr      Idx    E Section Name        Object

    0x08000000   0x08000000   0x000000ec   Data   RO            3    RESET               startup_stm32f103xb.o
    0x080000ec   0x080000ec   0x00000008   Code   RO         4357  * !!!main             c_w.l(__main.o)
    0x080000f4   0x080000f4   0x00000034   Code   RO         4743    !!!scatter          c_w.l(__scatter.o)
    0x08000128   0x08000128   0x0000005a   Code   RO         4741    !!dczerorl2         c_w.l(__dczerorl2.o)
    0x08000182   0x08000182   0x00000002   PAD
    0x08000184   0x08000184   0x0000001c   Code   RO         4745    !!handler_zi        c_w.l(__scatter_zi.o)
    0x080001a0   0x080001a0   0x00000000   Code   RO         4346    .ARM.Collect$$_printf_percent$$00000000  c_w.l(_printf_percent.o)
    0x080001a0   0x080001a0   0x00000006   Code   RO         4345    .ARM.Collect$$_printf_percent$$00000003  c_w.l(_printf_f.o)
    0x080001a6   0x080001a6   0x00000006   Code   RO         4344    .ARM.Collect$$_printf_percent$$00000009  c_w.l(_printf_d.o)
    0x080001ac   0x080001ac   0x00000006   Code   RO         4343    .ARM.Collect$$_printf_percent$$0000000C  c_w.l(_printf_x.o)
    0x080001b2   0x080001b2   0x00000006   Code   RO         4342    .ARM.Collect$$_printf_percent$$00000014  c_w.l(_printf_s.o)
    0x080001b8   0x080001b8   0x00000004   Code   RO         4466    .ARM.Collect$$_printf_percent$$00000017  c_w.l(_printf_percent_end.o)
    0x080001bc   0x080001bc   0x00000002   Code   RO         4614    .ARM.Collect$$libinit$$00000000  c_w.l(libinit.o)
    0x080001be   0x080001be   0x00000000   Code   RO         4616    .ARM.Collect$$libinit$$00000002  c_w.l(libinit2.o)
    0x080001be   0x080001be   0x00000000   Code   RO         4618    .ARM.Collect$$libinit$$00000004  c_w.l(libinit2.o)
    0x080001be   0x080001be   0x00000000   Code   RO         4621    .ARM.Collect$$libinit$$0000000A  c_w.l(libinit2.o)
    0x080001be   0x080001be   0x00000000   Code   RO         4623    .ARM.Collect$$libinit$$0000000C  c_w.l(libinit2.o)
    0x080001be   0x080001be   0x00000000   Code   RO         4625    .ARM.Collect$$libinit$$0000000E  c_w.l(libinit2.o)
    0x080001be   0x080001be   0x00000006   Code   RO         4626    .ARM.Collect$$libinit$$0000000F  c_w.l(libinit2.o)
    0x080001c4   0x080001c4   0x00000000   Code   RO         4628    .ARM.Collect$$libinit$$00000011  c_w.l(libinit2.o)
    0x080001c4   0x080001c4   0x00000000   Code   RO         4630    .ARM.Collect$$libinit$$00000013  c_w.l(libinit2.o)
    0x080001c4   0x080001c4   0x00000000   Code   RO         4632    .ARM.Collect$$libinit$$00000015  c_w.l(libinit2.o)
    0x080001c4   0x080001c4   0x0000000a   Code   RO         4633    .ARM.Collect$$libinit$$00000016  c_w.l(libinit2.o)
    0x080001ce   0x080001ce   0x00000000   Code   RO         4634    .ARM.Collect$$libinit$$00000017  c_w.l(libinit2.o)
    0x080001ce   0x080001ce   0x00000000   Code   RO         4636    .ARM.Collect$$libinit$$00000019  c_w.l(libinit2.o)
    0x080001ce   0x080001ce   0x00000000   Code   RO         4638    .ARM.Collect$$libinit$$0000001B  c_w.l(libinit2.o)
    0x080001ce   0x080001ce   0x00000000   Code   RO         4640    .ARM.Collect$$libinit$$0000001D  c_w.l(libinit2.o)
    0x080001ce   0x080001ce   0x00000000   Code   RO         4642    .ARM.Collect$$libinit$$0000001F  c_w.l(libinit2.o)
    0x080001ce   0x080001ce   0x00000000   Code   RO         4644    .ARM.Collect$$libinit$$00000021  c_w.l(libinit2.o)
    0x080001ce   0x080001ce   0x00000000   Code   RO         4646    .ARM.Collect$$libinit$$00000023  c_w.l(libinit2.o)
    0x080001ce   0x080001ce   0x00000000   Code   RO         4648    .ARM.Collect$$libinit$$00000025  c_w.l(libinit2.o)
    0x080001ce   0x080001ce   0x00000000   Code   RO         4652    .ARM.Collect$$libinit$$0000002C  c_w.l(libinit2.o)
    0x080001ce   0x080001ce   0x00000000   Code   RO         4654    .ARM.Collect$$libinit$$0000002E  c_w.l(libinit2.o)
    0x080001ce   0x080001ce   0x00000000   Code   RO         4656    .ARM.Collect$$libinit$$00000030  c_w.l(libinit2.o)
    0x080001ce   0x080001ce   0x00000000   Code   RO         4658    .ARM.Collect$$libinit$$00000032  c_w.l(libinit2.o)
    0x080001ce   0x080001ce   0x00000002   Code   RO         4659    .ARM.Collect$$libinit$$00000033  c_w.l(libinit2.o)
    0x080001d0   0x080001d0   0x00000002   Code   RO         4689    .ARM.Collect$$libshutdown$$00000000  c_w.l(libshutdown.o)
    0x080001d2   0x080001d2   0x00000000   Code   RO         4698    .ARM.Collect$$libshutdown$$00000002  c_w.l(libshutdown2.o)
    0x080001d2   0x080001d2   0x00000000   Code   RO         4700    .ARM.Collect$$libshutdown$$00000004  c_w.l(libshutdown2.o)
    0x080001d2   0x080001d2   0x00000000   Code   RO         4702    .ARM.Collect$$libshutdown$$00000006  c_w.l(libshutdown2.o)
    0x080001d2   0x080001d2   0x00000000   Code   RO         4705    .ARM.Collect$$libshutdown$$00000009  c_w.l(libshutdown2.o)
    0x080001d2   0x080001d2   0x00000000   Code   RO         4708    .ARM.Collect$$libshutdown$$0000000C  c_w.l(libshutdown2.o)
    0x080001d2   0x080001d2   0x00000000   Code   RO         4710    .ARM.Collect$$libshutdown$$0000000E  c_w.l(libshutdown2.o)
    0x080001d2   0x080001d2   0x00000000   Code   RO         4713    .ARM.Collect$$libshutdown$$00000011  c_w.l(libshutdown2.o)
    0x080001d2   0x080001d2   0x00000002   Code   RO         4714    .ARM.Collect$$libshutdown$$00000012  c_w.l(libshutdown2.o)
    0x080001d4   0x080001d4   0x00000000   Code   RO         4455    .ARM.Collect$$rtentry$$00000000  c_w.l(__rtentry.o)
    0x080001d4   0x080001d4   0x00000000   Code   RO         4530    .ARM.Collect$$rtentry$$00000002  c_w.l(__rtentry2.o)
    0x080001d4   0x080001d4   0x00000006   Code   RO         4542    .ARM.Collect$$rtentry$$00000004  c_w.l(__rtentry4.o)
    0x080001da   0x080001da   0x00000000   Code   RO         4532    .ARM.Collect$$rtentry$$00000009  c_w.l(__rtentry2.o)
    0x080001da   0x080001da   0x00000004   Code   RO         4533    .ARM.Collect$$rtentry$$0000000A  c_w.l(__rtentry2.o)
    0x080001de   0x080001de   0x00000000   Code   RO         4535    .ARM.Collect$$rtentry$$0000000C  c_w.l(__rtentry2.o)
    0x080001de   0x080001de   0x00000008   Code   RO         4536    .ARM.Collect$$rtentry$$0000000D  c_w.l(__rtentry2.o)
    0x080001e6   0x080001e6   0x00000002   Code   RO         4662    .ARM.Collect$$rtexit$$00000000  c_w.l(rtexit.o)
    0x080001e8   0x080001e8   0x00000000   Code   RO         4669    .ARM.Collect$$rtexit$$00000002  c_w.l(rtexit2.o)
    0x080001e8   0x080001e8   0x00000004   Code   RO         4670    .ARM.Collect$$rtexit$$00000003  c_w.l(rtexit2.o)
    0x080001ec   0x080001ec   0x00000006   Code   RO         4671    .ARM.Collect$$rtexit$$00000004  c_w.l(rtexit2.o)
    0x080001f2   0x080001f2   0x00000002   PAD
    0x080001f4   0x080001f4   0x00000040   Code   RO            4    .text               startup_stm32f103xb.o
    0x08000234   0x08000234   0x00000002   Code   RO         4283    .text               c_w.l(use_no_semi_2.o)
    0x08000236   0x08000236   0x00000026   Code   RO         4285    .text               c_w.l(llshl.o)
    0x0800025c   0x0800025c   0x00000018   Code   RO         4291    .text               c_w.l(noretval__2printf.o)
    0x08000274   0x08000274   0x0000004e   Code   RO         4295    .text               c_w.l(_printf_pad.o)
    0x080002c2   0x080002c2   0x00000052   Code   RO         4297    .text               c_w.l(_printf_str.o)
    0x08000314   0x08000314   0x00000078   Code   RO         4299    .text               c_w.l(_printf_dec.o)
    0x0800038c   0x0800038c   0x00000058   Code   RO         4304    .text               c_w.l(_printf_hex_int.o)
    0x080003e4   0x080003e4   0x00000188   Code   RO         4339    .text               c_w.l(__printf_flags_ss_wp.o)
    0x0800056c   0x0800056c   0x00000064   Code   RO         4349    .text               c_w.l(rt_memcpy_w.o)
    0x080005d0   0x080005d0   0x0000004e   Code   RO         4353    .text               c_w.l(rt_memclr_w.o)
    0x0800061e   0x0800061e   0x00000006   Code   RO         4355    .text               c_w.l(heapauxi.o)
    0x08000624   0x08000624   0x00000002   Code   RO         4453    .text               c_w.l(use_no_semi.o)
    0x08000626   0x08000626   0x00000016   Code   RO         4456    .text               c_w.l(_rserrno.o)
    0x0800063c   0x0800063c   0x000000b2   Code   RO         4458    .text               c_w.l(_printf_intcommon.o)
    0x080006ee   0x080006ee   0x0000041e   Code   RO         4460    .text               c_w.l(_printf_fp_dec.o)
    0x08000b0c   0x08000b0c   0x0000002c   Code   RO         4462    .text               c_w.l(_printf_char.o)
    0x08000b38   0x08000b38   0x00000024   Code   RO         4464    .text               c_w.l(_printf_char_file.o)
    0x08000b5c   0x08000b5c   0x00000008   Code   RO         4547    .text               c_w.l(rt_locale_intlibspace.o)
    0x08000b64   0x08000b64   0x00000008   Code   RO         4552    .text               c_w.l(rt_errno_addr_intlibspace.o)
    0x08000b6c   0x08000b6c   0x0000008a   Code   RO         4554    .text               c_w.l(lludiv10.o)
    0x08000bf6   0x08000bf6   0x00000002   PAD
    0x08000bf8   0x08000bf8   0x00000030   Code   RO         4556    .text               c_w.l(_printf_char_common.o)
    0x08000c28   0x08000c28   0x00000080   Code   RO         4558    .text               c_w.l(_printf_fp_infnan.o)
    0x08000ca8   0x08000ca8   0x000000e4   Code   RO         4560    .text               c_w.l(bigflt0.o)
    0x08000d8c   0x08000d8c   0x00000008   Code   RO         4585    .text               c_w.l(ferror.o)
    0x08000d94   0x08000d94   0x00000008   Code   RO         4598    .text               c_w.l(libspace.o)
    0x08000d9c   0x08000d9c   0x0000004a   Code   RO         4601    .text               c_w.l(sys_stackheap_outer.o)
    0x08000de6   0x08000de6   0x00000012   Code   RO         4605    .text               c_w.l(exit.o)
    0x08000df8   0x08000df8   0x00000080   Code   RO         4607    .text               c_w.l(strcmpv7m.o)
    0x08000e78   0x08000e78   0x0000003e   Code   RO         4563    CL$$btod_d2e        c_w.l(btod.o)
    0x08000eb6   0x08000eb6   0x00000046   Code   RO         4565    CL$$btod_d2e_denorm_low  c_w.l(btod.o)
    0x08000efc   0x08000efc   0x00000060   Code   RO         4564    CL$$btod_d2e_norm_op1  c_w.l(btod.o)
    0x08000f5c   0x08000f5c   0x00000338   Code   RO         4573    CL$$btod_div_common  c_w.l(btod.o)
    0x08001294   0x08001294   0x000000dc   Code   RO         4570    CL$$btod_e2e        c_w.l(btod.o)
    0x08001370   0x08001370   0x0000002a   Code   RO         4567    CL$$btod_ediv       c_w.l(btod.o)
    0x0800139a   0x0800139a   0x0000002a   Code   RO         4566    CL$$btod_emul       c_w.l(btod.o)
    0x080013c4   0x080013c4   0x00000244   Code   RO         4572    CL$$btod_mult_common  c_w.l(btod.o)
    0x08001608   0x08001608   0x0000005c   Code   RO          907    i.AD5940BATStructInit_BATZ  ad5940function.o
    0x08001664   0x08001664   0x00000090   Code   RO          909    i.AD5940PlatformCfg_BATZ  ad5940function.o
    0x080016f4   0x080016f4   0x00000016   Code   RO           10    i.AD5940_ADCBaseCfgS  ad5940.o
    0x0800170a   0x0800170a   0x00000030   Code   RO           13    i.AD5940_ADCDigCompCfgS  ad5940.o
    0x0800173a   0x0800173a   0x00000056   Code   RO           14    i.AD5940_ADCFilterCfgS  ad5940.o
    0x08001790   0x08001790   0x0000005a   Code   RO           19    i.AD5940_AFECtrlS   ad5940.o
    0x080017ea   0x080017ea   0x0000000c   Code   RO           20    i.AD5940_AFEPwrBW   ad5940.o
    0x080017f6   0x080017f6   0x00000028   Code   RO           21    i.AD5940_AGPIOCfg   ad5940.o
    0x0800181e   0x0800181e   0x00000008   Code   RO           23    i.AD5940_AGPIOFuncCfg  ad5940.o
    0x08001826   0x08001826   0x00000008   Code   RO           24    i.AD5940_AGPIOIen   ad5940.o
    0x0800182e   0x0800182e   0x00000008   Code   RO           26    i.AD5940_AGPIOOen   ad5940.o
    0x08001836   0x08001836   0x00000008   Code   RO           27    i.AD5940_AGPIOPen   ad5940.o
    0x0800183e   0x0800183e   0x000000ec   Code   RO           30    i.AD5940_CLKCfg     ad5940.o
    0x0800192a   0x0800192a   0x00000002   PAD
    0x0800192c   0x0800192c   0x00000164   Code   RO           31    i.AD5940_ClksCalculate  ad5940.o
    0x08001a90   0x08001a90   0x00000010   Code   RO          719    i.AD5940_ClrMCUIntFlag  portf103cn0510.o
    0x08001aa0   0x08001aa0   0x00000074   Code   RO           33    i.AD5940_ComplexDivFloat  ad5940.o
    0x08001b14   0x08001b14   0x00000010   Code   RO          720    i.AD5940_CsClr      portf103cn0510.o
    0x08001b24   0x08001b24   0x00000010   Code   RO          721    i.AD5940_CsSet      portf103cn0510.o
    0x08001b34   0x08001b34   0x00000050   Code   RO           40    i.AD5940_DFTCfgS    ad5940.o
    0x08001b84   0x08001b84   0x0000002c   Code   RO           41    i.AD5940_DSPCfgS    ad5940.o
    0x08001bb0   0x08001bb0   0x00000006   Code   RO          722    i.AD5940_Delay10us  portf103cn0510.o
    0x08001bb6   0x08001bb6   0x0000001a   Code   RO           42    i.AD5940_EnterSleepS  ad5940.o
    0x08001bd0   0x08001bd0   0x00000056   Code   RO           43    i.AD5940_FIFOCfg    ad5940.o
    0x08001c26   0x08001c26   0x00000014   Code   RO           44    i.AD5940_FIFOCtrlS  ad5940.o
    0x08001c3a   0x08001c3a   0x0000000e   Code   RO           46    i.AD5940_FIFOGetCnt  ad5940.o
    0x08001c48   0x08001c48   0x0000009a   Code   RO           47    i.AD5940_FIFORd     ad5940.o
    0x08001ce2   0x08001ce2   0x0000000a   Code   RO           48    i.AD5940_FIFOThrshSet  ad5940.o
    0x08001cec   0x08001cec   0x0000000c   Code   RO          723    i.AD5940_GetMCUIntFlag  portf103cn0510.o
    0x08001cf8   0x08001cf8   0x00000078   Code   RO           52    i.AD5940_HFOSC32MHzCtrl  ad5940.o
    0x08001d70   0x08001d70   0x00000022   Code   RO           55    i.AD5940_HSDacCfgS  ad5940.o
    0x08001d92   0x08001d92   0x00000024   Code   RO           56    i.AD5940_HSLoopCfgS  ad5940.o
    0x08001db6   0x08001db6   0x00000056   Code   RO           59    i.AD5940_HSTIACfgS  ad5940.o
    0x08001e0c   0x08001e0c   0x0000001c   Code   RO           61    i.AD5940_HWReset    ad5940.o
    0x08001e28   0x08001e28   0x0000002c   Code   RO           62    i.AD5940_INTCCfg    ad5940.o
    0x08001e54   0x08001e54   0x0000000a   Code   RO           63    i.AD5940_INTCClrFlag  ad5940.o
    0x08001e5e   0x08001e5e   0x00000002   PAD
    0x08001e60   0x08001e60   0x0000001e   Code   RO           66    i.AD5940_INTCTestFlag  ad5940.o
    0x08001e7e   0x08001e7e   0x00000002   PAD
    0x08001e80   0x08001e80   0x00000128   Code   RO           67    i.AD5940_Initialize  ad5940.o
    0x08001fa8   0x08001fa8   0x00000060   Code   RO           69    i.AD5940_LPAMPCfgS  ad5940.o
    0x08002008   0x08002008   0x00000014   Code   RO           70    i.AD5940_LPDAC0WriteS  ad5940.o
    0x0800201c   0x0800201c   0x00000014   Code   RO           71    i.AD5940_LPDAC1WriteS  ad5940.o
    0x08002030   0x08002030   0x0000006c   Code   RO           73    i.AD5940_LPDACCfgS  ad5940.o
    0x0800209c   0x0800209c   0x00000014   Code   RO           75    i.AD5940_LPLoopCfgS  ad5940.o
    0x080020b0   0x080020b0   0x000000c8   Code   RO           81    i.AD5940_Notch50HzAvailable  ad5940.o
    0x08002178   0x08002178   0x000000b0   Code   RO           82    i.AD5940_Notch60HzAvailable  ad5940.o
    0x08002228   0x08002228   0x000000a8   Code   RO           83    i.AD5940_REFCfgS    ad5940.o
    0x080022d0   0x080022d0   0x00000060   Code   RO          912    i.AD5940_RUN_BATZ   ad5940function.o
    0x08002330   0x08002330   0x00000040   Code   RO           85    i.AD5940_ReadReg    ad5940.o
    0x08002370   0x08002370   0x0000001e   Code   RO           86    i.AD5940_ReadWrite16B  ad5940.o
    0x0800238e   0x0800238e   0x0000003a   Code   RO           87    i.AD5940_ReadWrite32B  ad5940.o
    0x080023c8   0x080023c8   0x00000016   Code   RO           88    i.AD5940_ReadWrite8B  ad5940.o
    0x080023de   0x080023de   0x00000002   PAD
    0x080023e0   0x080023e0   0x00000024   Code   RO          725    i.AD5940_ReadWriteNBytes  portf103cn0510.o
    0x08002404   0x08002404   0x00000010   Code   RO          726    i.AD5940_RstClr     portf103cn0510.o
    0x08002414   0x08002414   0x00000010   Code   RO          727    i.AD5940_RstSet     portf103cn0510.o
    0x08002424   0x08002424   0x00000070   Code   RO           89    i.AD5940_SEQCfg     ad5940.o
    0x08002494   0x08002494   0x0000002e   Code   RO           90    i.AD5940_SEQCmdWrite  ad5940.o
    0x080024c2   0x080024c2   0x00000002   PAD
    0x080024c4   0x080024c4   0x00000034   Code   RO           92    i.AD5940_SEQCycleTime  ad5940.o
    0x080024f8   0x080024f8   0x00000018   Code   RO           93    i.AD5940_SEQGenCtrl  ad5940.o
    0x08002510   0x08002510   0x00000018   Code   RO           94    i.AD5940_SEQGenFetchSeq  ad5940.o
    0x08002528   0x08002528   0x00000024   Code   RO           95    i.AD5940_SEQGenInit  ad5940.o
    0x0800254c   0x0800254c   0x0000002c   Code   RO           96    i.AD5940_SEQGenInsert  ad5940.o
    0x08002578   0x08002578   0x00000030   Code   RO           97    i.AD5940_SEQGenSearchReg  ad5940.o
    0x080025a8   0x080025a8   0x00000066   Code   RO          102    i.AD5940_SEQInfoCfg  ad5940.o
    0x0800260e   0x0800260e   0x00000012   Code   RO          104    i.AD5940_SEQMmrTrig  ad5940.o
    0x08002620   0x08002620   0x00000038   Code   RO          105    i.AD5940_SEQRegInfoInsert  ad5940.o
    0x08002658   0x08002658   0x00000050   Code   RO          107    i.AD5940_SEQWriteReg  ad5940.o
    0x080026a8   0x080026a8   0x0000004c   Code   RO          108    i.AD5940_SPIReadReg  ad5940.o
    0x080026f4   0x080026f4   0x0000003c   Code   RO          109    i.AD5940_SWMatrixCfgS  ad5940.o
    0x08002730   0x08002730   0x0000000a   Code   RO          111    i.AD5940_SleepKeyCtrlS  ad5940.o
    0x0800273a   0x0800273a   0x0000001e   Code   RO          113    i.AD5940_StatisticCfgS  ad5940.o
    0x08002758   0x08002758   0x00000190   Code   RO          115    i.AD5940_SweepNext  ad5940.o
    0x080028e8   0x080028e8   0x000000a0   Code   RO          116    i.AD5940_WGCfgS     ad5940.o
    0x08002988   0x08002988   0x00000014   Code   RO          118    i.AD5940_WGFreqCtrlS  ad5940.o
    0x0800299c   0x0800299c   0x00000068   Code   RO          119    i.AD5940_WGFreqWordCal  ad5940.o
    0x08002a04   0x08002a04   0x00000026   Code   RO          121    i.AD5940_WUPTCtrl   ad5940.o
    0x08002a2a   0x08002a2a   0x0000002a   Code   RO          123    i.AD5940_WakeUp     ad5940.o
    0x08002a54   0x08002a54   0x0000005c   Code   RO          124    i.AD5940_WriteReg   ad5940.o
    0x08002ab0   0x08002ab0   0x0000009c   Code   RO          919    i.AD5940_init_BATZ  ad5940function.o
    0x08002b4c   0x08002b4c   0x00000098   Code   RO          920    i.AD5940_messege    ad5940function.o
    0x08002be4   0x08002be4   0x000000ec   Code   RO         1135    i.AppBATCheckFreq   batimpedance.o
    0x08002cd0   0x08002cd0   0x00000144   Code   RO         1136    i.AppBATCtrl        batimpedance.o
    0x08002e14   0x08002e14   0x0000014c   Code   RO         1137    i.AppBATDataProcess  batimpedance.o
    0x08002f60   0x08002f60   0x00000014   Code   RO         1138    i.AppBATGetCfg      batimpedance.o
    0x08002f74   0x08002f74   0x0000007c   Code   RO         1139    i.AppBATISR         batimpedance.o
    0x08002ff0   0x08002ff0   0x0000010c   Code   RO         1140    i.AppBATInit        batimpedance.o
    0x080030fc   0x080030fc   0x00000100   Code   RO         1141    i.AppBATMeasureRCAL  batimpedance.o
    0x080031fc   0x080031fc   0x00000048   Code   RO         1142    i.AppBATRegModify   batimpedance.o
    0x08003244   0x08003244   0x000001dc   Code   RO         1143    i.AppBATSeqCfgGen   batimpedance.o
    0x08003420   0x08003420   0x00000108   Code   RO         1144    i.AppBATSeqMeasureGen  batimpedance.o
    0x08003528   0x08003528   0x0000003c   Code   RO          729    i.Arduino_WriteDn   portf103cn0510.o
    0x08003564   0x08003564   0x00000080   Code   RO          924    i.BATShowResult     ad5940function.o
    0x080035e4   0x080035e4   0x00000002   Code   RO         1460    i.BusFault_Handler  stm32f1xx_it.o
    0x080035e6   0x080035e6   0x00000002   Code   RO         1461    i.DebugMon_Handler  stm32f1xx_it.o
    0x080035e8   0x080035e8   0x00000010   Code   RO         1462    i.EXTI1_IRQHandler  stm32f1xx_it.o
    0x080035f8   0x080035f8   0x00000018   Code   RO         1211    i.Error_Handler     main.o
    0x08003610   0x08003610   0x00000046   Code   RO         2314    i.HAL_DMA_Abort     stm32f1xx_hal_dma.o
    0x08003656   0x08003656   0x00000002   PAD
    0x08003658   0x08003658   0x00000098   Code   RO         2315    i.HAL_DMA_Abort_IT  stm32f1xx_hal_dma.o
    0x080036f0   0x080036f0   0x00000024   Code   RO         1940    i.HAL_Delay         stm32f1xx_hal.o
    0x08003714   0x08003714   0x00000002   Code   RO         1463    i.HAL_GPIO_EXTI_Callback  stm32f1xx_it.o
    0x08003716   0x08003716   0x00000002   PAD
    0x08003718   0x08003718   0x00000018   Code   RO         2249    i.HAL_GPIO_EXTI_IRQHandler  stm32f1xx_hal_gpio.o
    0x08003730   0x08003730   0x000001e0   Code   RO         2250    i.HAL_GPIO_Init     stm32f1xx_hal_gpio.o
    0x08003910   0x08003910   0x0000000a   Code   RO         2254    i.HAL_GPIO_WritePin  stm32f1xx_hal_gpio.o
    0x0800391a   0x0800391a   0x00000002   PAD
    0x0800391c   0x0800391c   0x0000000c   Code   RO         1944    i.HAL_GetTick       stm32f1xx_hal.o
    0x08003928   0x08003928   0x00000010   Code   RO         1950    i.HAL_IncTick       stm32f1xx_hal.o
    0x08003938   0x08003938   0x00000024   Code   RO         1951    i.HAL_Init          stm32f1xx_hal.o
    0x0800395c   0x0800395c   0x00000040   Code   RO         1952    i.HAL_InitTick      stm32f1xx_hal.o
    0x0800399c   0x0800399c   0x0000003c   Code   RO         1551    i.HAL_MspInit       stm32f1xx_hal_msp.o
    0x080039d8   0x080039d8   0x0000001a   Code   RO         2410    i.HAL_NVIC_EnableIRQ  stm32f1xx_hal_cortex.o
    0x080039f2   0x080039f2   0x00000002   PAD
    0x080039f4   0x080039f4   0x00000040   Code   RO         2416    i.HAL_NVIC_SetPriority  stm32f1xx_hal_cortex.o
    0x08003a34   0x08003a34   0x00000024   Code   RO         2417    i.HAL_NVIC_SetPriorityGrouping  stm32f1xx_hal_cortex.o
    0x08003a58   0x08003a58   0x0000012c   Code   RO         2108    i.HAL_RCC_ClockConfig  stm32f1xx_hal_rcc.o
    0x08003b84   0x08003b84   0x00000020   Code   RO         2115    i.HAL_RCC_GetPCLK1Freq  stm32f1xx_hal_rcc.o
    0x08003ba4   0x08003ba4   0x00000020   Code   RO         2116    i.HAL_RCC_GetPCLK2Freq  stm32f1xx_hal_rcc.o
    0x08003bc4   0x08003bc4   0x0000004c   Code   RO         2117    i.HAL_RCC_GetSysClockFreq  stm32f1xx_hal_rcc.o
    0x08003c10   0x08003c10   0x00000320   Code   RO         2120    i.HAL_RCC_OscConfig  stm32f1xx_hal_rcc.o
    0x08003f30   0x08003f30   0x000000b2   Code   RO         1622    i.HAL_SPI_Init      stm32f1xx_hal_spi.o
    0x08003fe2   0x08003fe2   0x00000002   PAD
    0x08003fe4   0x08003fe4   0x00000088   Code   RO         1292    i.HAL_SPI_MspInit   spi.o
    0x0800406c   0x0800406c   0x000001ee   Code   RO         1631    i.HAL_SPI_TransmitReceive  stm32f1xx_hal_spi.o
    0x0800425a   0x0800425a   0x00000028   Code   RO         2421    i.HAL_SYSTICK_Config  stm32f1xx_hal_cortex.o
    0x08004282   0x08004282   0x00000002   PAD
    0x08004284   0x08004284   0x00000068   Code   RO         3635    i.HAL_TIMEx_MasterConfigSynchronization  stm32f1xx_hal_tim_ex.o
    0x080042ec   0x080042ec   0x0000005a   Code   RO         2912    i.HAL_TIM_Base_Init  stm32f1xx_hal_tim.o
    0x08004346   0x08004346   0x00000002   PAD
    0x08004348   0x08004348   0x00000028   Code   RO         1340    i.HAL_TIM_Base_MspInit  tim.o
    0x08004370   0x08004370   0x000000dc   Code   RO         2921    i.HAL_TIM_ConfigClockSource  stm32f1xx_hal_tim.o
    0x0800444c   0x0800444c   0x00000002   Code   RO         3895    i.HAL_UARTEx_RxEventCallback  stm32f1xx_hal_uart.o
    0x0800444e   0x0800444e   0x00000002   Code   RO         3909    i.HAL_UART_ErrorCallback  stm32f1xx_hal_uart.o
    0x08004450   0x08004450   0x0000000a   Code   RO         3911    i.HAL_UART_GetState  stm32f1xx_hal_uart.o
    0x0800445a   0x0800445a   0x00000002   PAD
    0x0800445c   0x0800445c   0x0000026c   Code   RO         3912    i.HAL_UART_IRQHandler  stm32f1xx_hal_uart.o
    0x080046c8   0x080046c8   0x00000064   Code   RO         3913    i.HAL_UART_Init     stm32f1xx_hal_uart.o
    0x0800472c   0x0800472c   0x00000080   Code   RO         1388    i.HAL_UART_MspInit  usart.o
    0x080047ac   0x080047ac   0x0000001c   Code   RO         3918    i.HAL_UART_Receive_IT  stm32f1xx_hal_uart.o
    0x080047c8   0x080047c8   0x000000a8   Code   RO         1389    i.HAL_UART_RxCpltCallback  usart.o
    0x08004870   0x08004870   0x0000009a   Code   RO         3921    i.HAL_UART_Transmit  stm32f1xx_hal_uart.o
    0x0800490a   0x0800490a   0x00000002   Code   RO         3924    i.HAL_UART_TxCpltCallback  stm32f1xx_hal_uart.o
    0x0800490c   0x0800490c   0x00000002   Code   RO         1464    i.HardFault_Handler  stm32f1xx_it.o
    0x0800490e   0x0800490e   0x00000002   PAD
    0x08004910   0x08004910   0x000000bc   Code   RO         1267    i.MX_GPIO_Init      gpio.o
    0x080049cc   0x080049cc   0x00000048   Code   RO         1293    i.MX_SPI1_Init      spi.o
    0x08004a14   0x08004a14   0x00000068   Code   RO         1341    i.MX_TIM4_Init      tim.o
    0x08004a7c   0x08004a7c   0x00000044   Code   RO         1390    i.MX_USART1_UART_Init  usart.o
    0x08004ac0   0x08004ac0   0x00000002   Code   RO         1465    i.MemManage_Handler  stm32f1xx_it.o
    0x08004ac2   0x08004ac2   0x00000002   Code   RO         1466    i.NMI_Handler       stm32f1xx_it.o
    0x08004ac4   0x08004ac4   0x00000002   Code   RO         1467    i.PendSV_Handler    stm32f1xx_it.o
    0x08004ac6   0x08004ac6   0x00000002   PAD
    0x08004ac8   0x08004ac8   0x00000050   Code   RO         1145    i.PreCharge         batimpedance.o
    0x08004b18   0x08004b18   0x00000020   Code   RO         1660    i.SPI_EndRxTxTransaction  stm32f1xx_hal_spi.o
    0x08004b38   0x08004b38   0x000000b8   Code   RO         1665    i.SPI_WaitFlagStateUntilTimeout  stm32f1xx_hal_spi.o
    0x08004bf0   0x08004bf0   0x00000002   Code   RO         1468    i.SVC_Handler       stm32f1xx_it.o
    0x08004bf2   0x08004bf2   0x00000004   Code   RO         1469    i.SysTick_Handler   stm32f1xx_it.o
    0x08004bf6   0x08004bf6   0x00000056   Code   RO         1212    i.SystemClock_Config  main.o
    0x08004c4c   0x08004c4c   0x00000002   Code   RO         4247    i.SystemInit        system_stm32f1xx.o
    0x08004c4e   0x08004c4e   0x00000002   PAD
    0x08004c50   0x08004c50   0x0000006c   Code   RO         3005    i.TIM_Base_SetConfig  stm32f1xx_hal_tim.o
    0x08004cbc   0x08004cbc   0x00000014   Code   RO         3016    i.TIM_ETR_SetConfig  stm32f1xx_hal_tim.o
    0x08004cd0   0x08004cd0   0x00000010   Code   RO         3017    i.TIM_ITRx_SetConfig  stm32f1xx_hal_tim.o
    0x08004ce0   0x08004ce0   0x00000022   Code   RO         3023    i.TIM_TI1_ConfigInputStage  stm32f1xx_hal_tim.o
    0x08004d02   0x08004d02   0x00000024   Code   RO         3025    i.TIM_TI2_ConfigInputStage  stm32f1xx_hal_tim.o
    0x08004d26   0x08004d26   0x00000010   Code   RO         3926    i.UART_DMAAbortOnError  stm32f1xx_hal_uart.o
    0x08004d36   0x08004d36   0x0000004e   Code   RO         3936    i.UART_EndRxTransfer  stm32f1xx_hal_uart.o
    0x08004d84   0x08004d84   0x000000c2   Code   RO         3938    i.UART_Receive_IT   stm32f1xx_hal_uart.o
    0x08004e46   0x08004e46   0x00000002   PAD
    0x08004e48   0x08004e48   0x000000b8   Code   RO         3939    i.UART_SetConfig    stm32f1xx_hal_uart.o
    0x08004f00   0x08004f00   0x00000036   Code   RO         3941    i.UART_Start_Receive_IT  stm32f1xx_hal_uart.o
    0x08004f36   0x08004f36   0x00000078   Code   RO         3942    i.UART_WaitOnFlagUntilTimeout  stm32f1xx_hal_uart.o
    0x08004fae   0x08004fae   0x00000002   PAD
    0x08004fb0   0x08004fb0   0x00000030   Code   RO         1470    i.USART1_IRQHandler  stm32f1xx_it.o
    0x08004fe0   0x08004fe0   0x00000002   Code   RO         1471    i.UsageFault_Handler  stm32f1xx_it.o
    0x08004fe2   0x08004fe2   0x00000002   PAD
    0x08004fe4   0x08004fe4   0x00000048   Code   RO          126    i.__AD5940_SetDExRTIA  ad5940.o
    0x0800502c   0x0800502c   0x00000028   Code   RO         4514    i.__ARM_fpclassify  m_ws.l(fpclassify.o)
    0x08005054   0x08005054   0x00000020   Code   RO         2423    i.__NVIC_SetPriority  stm32f1xx_hal_cortex.o
    0x08005074   0x08005074   0x000000aa   Code   RO         4526    i.__kernel_poly     m_ws.l(poly.o)
    0x0800511e   0x0800511e   0x00000002   PAD
    0x08005120   0x08005120   0x00000010   Code   RO         4500    i.__mathlib_dbl_divzero  m_ws.l(dunder.o)
    0x08005130   0x08005130   0x00000006   Code   RO         4501    i.__mathlib_dbl_infnan  m_ws.l(dunder.o)
    0x08005136   0x08005136   0x00000004   Code   RO         4502    i.__mathlib_dbl_infnan2  m_ws.l(dunder.o)
    0x0800513a   0x0800513a   0x0000000c   Code   RO         4503    i.__mathlib_dbl_invalid  m_ws.l(dunder.o)
    0x08005146   0x08005146   0x0000000e   Code   RO         4504    i.__mathlib_dbl_overflow  m_ws.l(dunder.o)
    0x08005154   0x08005154   0x00000010   Code   RO         4506    i.__mathlib_dbl_underflow  m_ws.l(dunder.o)
    0x08005164   0x08005164   0x0000000e   Code   RO         4332    i._is_digit         c_w.l(__printf_wp.o)
    0x08005172   0x08005172   0x0000001c   Code   RO          128    i._is_value_in_table  ad5940.o
    0x0800518e   0x0800518e   0x00000002   Code   RO         1391    i._sys_exit         usart.o
    0x08005190   0x08005190   0x0000003c   Code   RO         1342    i.delay_us          tim.o
    0x080051cc   0x080051cc   0x00000018   Code   RO         1393    i.fputc             usart.o
    0x080051e4   0x080051e4   0x0000035c   Code   RO         4517    i.log               m_ws.l(log.o)
    0x08005540   0x08005540   0x000000e4   Code   RO         4428    i.log10             m_ws.l(log10.o)
    0x08005624   0x08005624   0x00000044   Code   RO         1213    i.main              main.o
    0x08005668   0x08005668   0x000009d8   Code   RO         4436    i.pow               m_ws.l(pow.o)
    0x08006040   0x08006040   0x0000004c   Code   RO         4446    i.sqrt              m_ws.l(sqrt.o)
    0x0800608c   0x0800608c   0x0000002c   Code   RO         4590    locale$$code        c_w.l(lc_numeric_c.o)
    0x080060b8   0x080060b8   0x00000062   Code   RO         4359    x$fpl$d2f           fz_ws.l(d2f.o)
    0x0800611a   0x0800611a   0x00000002   PAD
    0x0800611c   0x0800611c   0x00000150   Code   RO         4361    x$fpl$dadd          fz_ws.l(daddsub_clz.o)
    0x0800626c   0x0800626c   0x00000010   Code   RO         4467    x$fpl$dcheck1       fz_ws.l(dcheck1.o)
    0x0800627c   0x0800627c   0x00000018   Code   RO         4592    x$fpl$dcmpinf       fz_ws.l(dcmpi.o)
    0x08006294   0x08006294   0x000002b0   Code   RO         4368    x$fpl$ddiv          fz_ws.l(ddiv.o)
    0x08006544   0x08006544   0x00000078   Code   RO         4469    x$fpl$deqf          fz_ws.l(deqf.o)
    0x080065bc   0x080065bc   0x0000002e   Code   RO         4372    x$fpl$dflt          fz_ws.l(dflt_clz.o)
    0x080065ea   0x080065ea   0x00000026   Code   RO         4371    x$fpl$dfltu         fz_ws.l(dflt_clz.o)
    0x08006610   0x08006610   0x00000078   Code   RO         4471    x$fpl$dleqf         fz_ws.l(dleqf.o)
    0x08006688   0x08006688   0x00000154   Code   RO         4377    x$fpl$dmul          fz_ws.l(dmul.o)
    0x080067dc   0x080067dc   0x0000009c   Code   RO         4473    x$fpl$dnaninf       fz_ws.l(dnaninf.o)
    0x08006878   0x08006878   0x0000000c   Code   RO         4475    x$fpl$dretinf       fz_ws.l(dretinf.o)
    0x08006884   0x08006884   0x0000006c   Code   RO         4477    x$fpl$drleqf        fz_ws.l(drleqf.o)
    0x080068f0   0x080068f0   0x00000016   Code   RO         4362    x$fpl$drsb          fz_ws.l(daddsub_clz.o)
    0x08006906   0x08006906   0x00000002   PAD
    0x08006908   0x08006908   0x000001cc   Code   RO         4479    x$fpl$dsqrt         fz_ws.l(dsqrt_noumaal.o)
    0x08006ad4   0x08006ad4   0x000001d4   Code   RO         4363    x$fpl$dsub          fz_ws.l(daddsub_clz.o)
    0x08006ca8   0x08006ca8   0x00000056   Code   RO         4379    x$fpl$f2d           fz_ws.l(f2d.o)
    0x08006cfe   0x08006cfe   0x00000002   PAD
    0x08006d00   0x08006d00   0x000000c4   Code   RO         4381    x$fpl$fadd          fz_ws.l(faddsub_clz.o)
    0x08006dc4   0x08006dc4   0x00000018   Code   RO         4483    x$fpl$fcmpinf       fz_ws.l(fcmpi.o)
    0x08006ddc   0x08006ddc   0x00000184   Code   RO         4388    x$fpl$fdiv          fz_ws.l(fdiv.o)
    0x08006f60   0x08006f60   0x0000003e   Code   RO         4395    x$fpl$ffixu         fz_ws.l(ffixu.o)
    0x08006f9e   0x08006f9e   0x00000002   PAD
    0x08006fa0   0x08006fa0   0x00000030   Code   RO         4400    x$fpl$fflt          fz_ws.l(fflt_clz.o)
    0x08006fd0   0x08006fd0   0x00000060   Code   RO         4405    x$fpl$ffltll        fz_ws.l(ffltll_clz.o)
    0x08007030   0x08007030   0x00000026   Code   RO         4399    x$fpl$ffltu         fz_ws.l(fflt_clz.o)
    0x08007056   0x08007056   0x00000002   PAD
    0x08007058   0x08007058   0x00000068   Code   RO         4407    x$fpl$fleqf         fz_ws.l(fleqf.o)
    0x080070c0   0x080070c0   0x00000102   Code   RO         4409    x$fpl$fmul          fz_ws.l(fmul.o)
    0x080071c2   0x080071c2   0x0000008c   Code   RO         4485    x$fpl$fnaninf       fz_ws.l(fnaninf.o)
    0x0800724e   0x0800724e   0x0000000a   Code   RO         4487    x$fpl$fretinf       fz_ws.l(fretinf.o)
    0x08007258   0x08007258   0x00000062   Code   RO         4411    x$fpl$frleqf        fz_ws.l(frleqf.o)
    0x080072ba   0x080072ba   0x00000002   PAD
    0x080072bc   0x080072bc   0x000000ea   Code   RO         4383    x$fpl$fsub          fz_ws.l(faddsub_clz.o)
    0x080073a6   0x080073a6   0x00000004   Code   RO         4413    x$fpl$printf1       fz_ws.l(printf1.o)
    0x080073aa   0x080073aa   0x00000064   Code   RO         4596    x$fpl$retnan        fz_ws.l(retnan.o)
    0x0800740e   0x0800740e   0x0000005c   Code   RO         4415    x$fpl$scalbn        fz_ws.l(scalbn.o)
    0x0800746a   0x0800746a   0x00000030   Code   RO         4660    x$fpl$trapveneer    fz_ws.l(trapv.o)
    0x0800749a   0x0800749a   0x00000000   Code   RO         4489    x$fpl$usenofp       fz_ws.l(usenofp.o)
    0x0800749a   0x0800749a   0x00000002   PAD
    0x0800749c   0x0800749c   0x0000025c   Data   RO          130    .constdata          ad5940.o
    0x080076f8   0x080076f8   0x00000012   Data   RO         2121    .constdata          stm32f1xx_hal_rcc.o
    0x0800770a   0x0800770a   0x00000010   Data   RO         4248    .constdata          system_stm32f1xx.o
    0x0800771a   0x0800771a   0x00000008   Data   RO         4249    .constdata          system_stm32f1xx.o
    0x08007722   0x08007722   0x00000028   Data   RO         4305    .constdata          c_w.l(_printf_hex_int.o)
    0x0800774a   0x0800774a   0x00000011   Data   RO         4340    .constdata          c_w.l(__printf_flags_ss_wp.o)
    0x0800775b   0x0800775b   0x00000005   PAD
    0x08007760   0x08007760   0x00000088   Data   RO         4437    .constdata          m_ws.l(pow.o)
    0x080077e8   0x080077e8   0x00000038   Data   RO         4518    .constdata          m_ws.l(log.o)
    0x08007820   0x08007820   0x00000008   Data   RO         4528    .constdata          m_ws.l(qnan.o)
    0x08007828   0x08007828   0x00000094   Data   RO         4561    .constdata          c_w.l(bigflt0.o)
    0x080078bc   0x080078bc   0x00000020   Data   RO         4739    Region$$Table       anon$$obj.o
    0x080078dc   0x080078dc   0x0000001c   Data   RO         4589    locale$$data        c_w.l(lc_numeric_c.o)


    Execution Region RW_IRAM1 (Exec base: 0x20000000, Load base: 0x080078f8, Size: 0x00001438, Max: 0x00005000, ABSOLUTE, COMPRESSED[0x00000040])

    Exec Addr    Load Addr    Size         Type   Attr      Idx    E Section Name        Object

    0x20000000   COMPRESSED   0x00000001   Data   RW          131    .data               ad5940.o
    0x20000001   COMPRESSED   0x00000001   Data   RW          730    .data               portf103cn0510.o
    0x20000002   COMPRESSED   0x00000002   PAD
    0x20000004   COMPRESSED   0x000003dc   Data   RW         1146    .data               batimpedance.o
    0x200003e0   COMPRESSED   0x00000001   Data   RW         1214    .data               main.o
    0x200003e1   COMPRESSED   0x00000001   PAD
    0x200003e2   COMPRESSED   0x00000002   Data   RW         1395    .data               usart.o
    0x200003e4   COMPRESSED   0x00000004   Data   RW         1396    .data               usart.o
    0x200003e8   COMPRESSED   0x0000000c   Data   RW         1958    .data               stm32f1xx_hal.o
    0x200003f4   COMPRESSED   0x00000004   Data   RW         4250    .data               system_stm32f1xx.o
    0x200003f8        -       0x0000001c   Zero   RW          129    .bss                ad5940.o
    0x20000414        -       0x00000810   Zero   RW          928    .bss                ad5940function.o
    0x20000c24        -       0x00000058   Zero   RW         1295    .bss                spi.o
    0x20000c7c        -       0x00000048   Zero   RW         1343    .bss                tim.o
    0x20000cc4        -       0x00000110   Zero   RW         1394    .bss                usart.o
    0x20000dd4        -       0x00000060   Zero   RW         4599    .bss                c_w.l(libspace.o)
    0x20000e34   COMPRESSED   0x00000004   PAD
    0x20000e38        -       0x00000200   Zero   RW            2    HEAP                startup_stm32f103xb.o
    0x20001038        -       0x00000400   Zero   RW            1    STACK               startup_stm32f103xb.o


==============================================================================

Image component sizes


      Code (inc. data)   RO Data    RW Data    ZI Data      Debug   Object Name

      4912        310        604          1         28     144494   ad5940.o
       768        292          0          0       2064     103407   ad5940function.o
      2452        184          0        988          0      10719   batimpedance.o
       188         16          0          0          0        875   gpio.o
       178         14          0          1          0       2196   main.o
       194         46          0          1          0     432238   portf103cn0510.o
       208         42          0          0         88       1565   spi.o
        64         26        236          0       1536        788   startup_stm32f103xb.o
       164         28          0         12          0       5717   stm32f1xx_hal.o
       198         14          0          0          0      28815   stm32f1xx_hal_cortex.o
       222          4          0          0          0       1699   stm32f1xx_hal_dma.o
       514         40          0          0          0       3391   stm32f1xx_hal_gpio.o
        60          8          0          0          0        826   stm32f1xx_hal_msp.o
      1240         84         18          0          0       4972   stm32f1xx_hal_rcc.o
       888          4          0          0          0       4633   stm32f1xx_hal_spi.o
       524         14          0          0          0       5875   stm32f1xx_hal_tim.o
       104         12          0          0          0       1312   stm32f1xx_hal_tim_ex.o
      1564         10          0          0          0      11132   stm32f1xx_hal_uart.o
        86         12          0          0          0       4994   stm32f1xx_it.o
         2          0         24          4          0       1047   system_stm32f1xx.o
       204         26          0          0         72       1993   tim.o
       390         70          0          6        272       4626   usart.o

    ----------------------------------------------------------------------
     15162       1256        914       1016       4060     777314   Object Totals
         0          0         32          0          0          0   (incl. Generated)
        38          0          0          3          0          0   (incl. Padding)

    ----------------------------------------------------------------------

      Code (inc. data)   RO Data    RW Data    ZI Data      Debug   Library Member Name

        90          0          0          0          0          0   __dczerorl2.o
         8          0          0          0          0         68   __main.o
       392          4         17          0          0         92   __printf_flags_ss_wp.o
        14          0          0          0          0         68   __printf_wp.o
         0          0          0          0          0          0   __rtentry.o
        12          0          0          0          0          0   __rtentry2.o
         6          0          0          0          0          0   __rtentry4.o
        52          8          0          0          0          0   __scatter.o
        28          0          0          0          0          0   __scatter_zi.o
        44          0          0          0          0        108   _printf_char.o
        48          6          0          0          0         96   _printf_char_common.o
        36          4          0          0          0         80   _printf_char_file.o
         6          0          0          0          0          0   _printf_d.o
       120         16          0          0          0         92   _printf_dec.o
         6          0          0          0          0          0   _printf_f.o
      1054          0          0          0          0        216   _printf_fp_dec.o
       128         16          0          0          0         84   _printf_fp_infnan.o
        88          4         40          0          0         88   _printf_hex_int.o
       178          0          0          0          0         88   _printf_intcommon.o
        78          0          0          0          0        108   _printf_pad.o
         0          0          0          0          0          0   _printf_percent.o
         4          0          0          0          0          0   _printf_percent_end.o
         6          0          0          0          0          0   _printf_s.o
        82          0          0          0          0         80   _printf_str.o
         6          0          0          0          0          0   _printf_x.o
        22          0          0          0          0        100   _rserrno.o
       228          4        148          0          0         96   bigflt0.o
      1936        128          0          0          0        672   btod.o
        18          0          0          0          0         80   exit.o
         8          0          0          0          0         68   ferror.o
         6          0          0          0          0        152   heapauxi.o
        44         10         28          0          0         76   lc_numeric_c.o
         2          0          0          0          0          0   libinit.o
        18          0          0          0          0          0   libinit2.o
         2          0          0          0          0          0   libshutdown.o
         2          0          0          0          0          0   libshutdown2.o
         8          4          0          0         96         68   libspace.o
        38          0          0          0          0         68   llshl.o
       138          0          0          0          0         80   lludiv10.o
        24          4          0          0          0         84   noretval__2printf.o
         8          4          0          0          0         68   rt_errno_addr_intlibspace.o
         8          4          0          0          0         68   rt_locale_intlibspace.o
        78          0          0          0          0         80   rt_memclr_w.o
       100          0          0          0          0         80   rt_memcpy_w.o
         2          0          0          0          0          0   rtexit.o
        10          0          0          0          0          0   rtexit2.o
       128          0          0          0          0         68   strcmpv7m.o
        74          0          0          0          0         80   sys_stackheap_outer.o
         2          0          0          0          0         68   use_no_semi.o
         2          0          0          0          0         68   use_no_semi_2.o
        98          4          0          0          0         92   d2f.o
       826         16          0          0          0        348   daddsub_clz.o
        16          4          0          0          0         68   dcheck1.o
        24          0          0          0          0         68   dcmpi.o
       688        140          0          0          0        208   ddiv.o
       120          4          0          0          0         92   deqf.o
        84          0          0          0          0        136   dflt_clz.o
       120          4          0          0          0         92   dleqf.o
       340         12          0          0          0        104   dmul.o
       156          4          0          0          0         92   dnaninf.o
        12          0          0          0          0         68   dretinf.o
       108          0          0          0          0         80   drleqf.o
       460         56          0          0          0        120   dsqrt_noumaal.o
        86          4          0          0          0         84   f2d.o
       430          8          0          0          0        168   faddsub_clz.o
        24          0          0          0          0         68   fcmpi.o
       388         76          0          0          0         96   fdiv.o
        62          4          0          0          0         84   ffixu.o
        86          0          0          0          0        136   fflt_clz.o
        96          0          0          0          0         84   ffltll_clz.o
       104          4          0          0          0         84   fleqf.o
       258          4          0          0          0         84   fmul.o
       140          4          0          0          0         84   fnaninf.o
        10          0          0          0          0         68   fretinf.o
        98          0          0          0          0         68   frleqf.o
         4          0          0          0          0         68   printf1.o
       100          0          0          0          0         68   retnan.o
        92          0          0          0          0         68   scalbn.o
        48          0          0          0          0         68   trapv.o
         0          0          0          0          0          0   usenofp.o
        68         10          0          0          0        408   dunder.o
        40          0          0          0          0         68   fpclassify.o
       860         52         56          0          0        256   log.o
       228         30          0          0          0        120   log10.o
       170          0          0          0          0         96   poly.o
      2520        190        136          0          0        324   pow.o
         0          0          8          0          0          0   qnan.o
        76          0          0          0          0         84   sqrt.o

    ----------------------------------------------------------------------
     14454        846        438          0        100       7696   Library Totals
        22          0          5          0          4          0   (incl. Padding)

    ----------------------------------------------------------------------

      Code (inc. data)   RO Data    RW Data    ZI Data      Debug   Library Name

      5392        216        233          0         96       3392   c_w.l
      5078        348          0          0          0       2948   fz_ws.l
      3962        282        200          0          0       1356   m_ws.l

    ----------------------------------------------------------------------
     14454        846        438          0        100       7696   Library Totals

    ----------------------------------------------------------------------

==============================================================================


      Code (inc. data)   RO Data    RW Data    ZI Data      Debug   

     29616       2102       1352       1016       4160     772370   Grand Totals
     29616       2102       1352         64       4160     772370   ELF Image Totals (compressed)
     29616       2102       1352         64          0          0   ROM Totals

==============================================================================

    Total RO  Size (Code + RO Data)                30968 (  30.24kB)
    Total RW  Size (RW Data + ZI Data)              5176 (   5.05kB)
    Total ROM Size (Code + RO Data + RW Data)      31032 (  30.30kB)

==============================================================================

